Archive member included to satisfy reference by file (symbol)

C:/ST/STM32CubeIDE_1.16.1/STM32CubeIDE/plugins/com.st.stm32cube.ide.mcu.externaltools.gnu-tools-for-stm32.13.3.rel1.win32_1.0.0.202411081344/tools/bin/../lib/gcc/arm-none-eabi/13.3.1/../../../../arm-none-eabi/lib/thumb/v7e-m+fp/hard\libc_nano.a(libc_a-exit.o)
                              C:/ST/STM32CubeIDE_1.16.1/STM32CubeIDE/plugins/com.st.stm32cube.ide.mcu.externaltools.gnu-tools-for-stm32.13.3.rel1.win32_1.0.0.202411081344/tools/bin/../lib/gcc/arm-none-eabi/13.3.1/../../../../arm-none-eabi/lib/thumb/v7e-m+fp/hard/crt0.o (exit)
C:/ST/STM32CubeIDE_1.16.1/STM32CubeIDE/plugins/com.st.stm32cube.ide.mcu.externaltools.gnu-tools-for-stm32.13.3.rel1.win32_1.0.0.202411081344/tools/bin/../lib/gcc/arm-none-eabi/13.3.1/../../../../arm-none-eabi/lib/thumb/v7e-m+fp/hard\libc_nano.a(libc_a-findfp.o)
                              C:/ST/STM32CubeIDE_1.16.1/STM32CubeIDE/plugins/com.st.stm32cube.ide.mcu.externaltools.gnu-tools-for-stm32.13.3.rel1.win32_1.0.0.202411081344/tools/bin/../lib/gcc/arm-none-eabi/13.3.1/../../../../arm-none-eabi/lib/thumb/v7e-m+fp/hard\libc_nano.a(libc_a-exit.o) (__stdio_exit_handler)
C:/ST/STM32CubeIDE_1.16.1/STM32CubeIDE/plugins/com.st.stm32cube.ide.mcu.externaltools.gnu-tools-for-stm32.13.3.rel1.win32_1.0.0.202411081344/tools/bin/../lib/gcc/arm-none-eabi/13.3.1/../../../../arm-none-eabi/lib/thumb/v7e-m+fp/hard\libc_nano.a(libc_a-fwalk.o)
                              C:/ST/STM32CubeIDE_1.16.1/STM32CubeIDE/plugins/com.st.stm32cube.ide.mcu.externaltools.gnu-tools-for-stm32.13.3.rel1.win32_1.0.0.202411081344/tools/bin/../lib/gcc/arm-none-eabi/13.3.1/../../../../arm-none-eabi/lib/thumb/v7e-m+fp/hard\libc_nano.a(libc_a-findfp.o) (_fwalk_sglue)
C:/ST/STM32CubeIDE_1.16.1/STM32CubeIDE/plugins/com.st.stm32cube.ide.mcu.externaltools.gnu-tools-for-stm32.13.3.rel1.win32_1.0.0.202411081344/tools/bin/../lib/gcc/arm-none-eabi/13.3.1/../../../../arm-none-eabi/lib/thumb/v7e-m+fp/hard\libc_nano.a(libc_a-stdio.o)
                              C:/ST/STM32CubeIDE_1.16.1/STM32CubeIDE/plugins/com.st.stm32cube.ide.mcu.externaltools.gnu-tools-for-stm32.13.3.rel1.win32_1.0.0.202411081344/tools/bin/../lib/gcc/arm-none-eabi/13.3.1/../../../../arm-none-eabi/lib/thumb/v7e-m+fp/hard\libc_nano.a(libc_a-findfp.o) (__sread)
C:/ST/STM32CubeIDE_1.16.1/STM32CubeIDE/plugins/com.st.stm32cube.ide.mcu.externaltools.gnu-tools-for-stm32.13.3.rel1.win32_1.0.0.202411081344/tools/bin/../lib/gcc/arm-none-eabi/13.3.1/../../../../arm-none-eabi/lib/thumb/v7e-m+fp/hard\libc_nano.a(libc_a-memset.o)
                              C:/ST/STM32CubeIDE_1.16.1/STM32CubeIDE/plugins/com.st.stm32cube.ide.mcu.externaltools.gnu-tools-for-stm32.13.3.rel1.win32_1.0.0.202411081344/tools/bin/../lib/gcc/arm-none-eabi/13.3.1/../../../../arm-none-eabi/lib/thumb/v7e-m+fp/hard/crt0.o (memset)
C:/ST/STM32CubeIDE_1.16.1/STM32CubeIDE/plugins/com.st.stm32cube.ide.mcu.externaltools.gnu-tools-for-stm32.13.3.rel1.win32_1.0.0.202411081344/tools/bin/../lib/gcc/arm-none-eabi/13.3.1/../../../../arm-none-eabi/lib/thumb/v7e-m+fp/hard\libc_nano.a(libc_a-closer.o)
                              C:/ST/STM32CubeIDE_1.16.1/STM32CubeIDE/plugins/com.st.stm32cube.ide.mcu.externaltools.gnu-tools-for-stm32.13.3.rel1.win32_1.0.0.202411081344/tools/bin/../lib/gcc/arm-none-eabi/13.3.1/../../../../arm-none-eabi/lib/thumb/v7e-m+fp/hard\libc_nano.a(libc_a-stdio.o) (_close_r)
C:/ST/STM32CubeIDE_1.16.1/STM32CubeIDE/plugins/com.st.stm32cube.ide.mcu.externaltools.gnu-tools-for-stm32.13.3.rel1.win32_1.0.0.202411081344/tools/bin/../lib/gcc/arm-none-eabi/13.3.1/../../../../arm-none-eabi/lib/thumb/v7e-m+fp/hard\libc_nano.a(libc_a-reent.o)
                              C:/ST/STM32CubeIDE_1.16.1/STM32CubeIDE/plugins/com.st.stm32cube.ide.mcu.externaltools.gnu-tools-for-stm32.13.3.rel1.win32_1.0.0.202411081344/tools/bin/../lib/gcc/arm-none-eabi/13.3.1/../../../../arm-none-eabi/lib/thumb/v7e-m+fp/hard\libc_nano.a(libc_a-closer.o) (errno)
C:/ST/STM32CubeIDE_1.16.1/STM32CubeIDE/plugins/com.st.stm32cube.ide.mcu.externaltools.gnu-tools-for-stm32.13.3.rel1.win32_1.0.0.202411081344/tools/bin/../lib/gcc/arm-none-eabi/13.3.1/../../../../arm-none-eabi/lib/thumb/v7e-m+fp/hard\libc_nano.a(libc_a-impure.o)
                              C:/ST/STM32CubeIDE_1.16.1/STM32CubeIDE/plugins/com.st.stm32cube.ide.mcu.externaltools.gnu-tools-for-stm32.13.3.rel1.win32_1.0.0.202411081344/tools/bin/../lib/gcc/arm-none-eabi/13.3.1/../../../../arm-none-eabi/lib/thumb/v7e-m+fp/hard\libc_nano.a(libc_a-reent.o) (_impure_ptr)
C:/ST/STM32CubeIDE_1.16.1/STM32CubeIDE/plugins/com.st.stm32cube.ide.mcu.externaltools.gnu-tools-for-stm32.13.3.rel1.win32_1.0.0.202411081344/tools/bin/../lib/gcc/arm-none-eabi/13.3.1/../../../../arm-none-eabi/lib/thumb/v7e-m+fp/hard\libc_nano.a(libc_a-lseekr.o)
[...]
Memory Configuration

Name             Origin             Length             Attributes
RAM              0x20000000         0x00008000         xrw
FLASH            0x08000000         0x00020000         xr
*default*        0x00000000         0xffffffff

Linker script and memory map

LOAD C:/ST/STM32CubeIDE_1.16.1/STM32CubeIDE/plugins/com.st.stm32cube.ide.mcu.externaltools.gnu-tools-for-stm32.13.3.rel1.win32_1.0.0.202411081344/tools/bin/../lib/gcc/arm-none-eabi/13.3.1/thumb/v7e-m+fp/hard/crti.o
LOAD C:/ST/STM32CubeIDE_1.16.1/STM32CubeIDE/plugins/com.st.stm32cube.ide.mcu.externaltools.gnu-tools-for-stm32.13.3.rel1.win32_1.0.0.202411081344/tools/bin/../lib/gcc/arm-none-eabi/13.3.1/thumb/v7e-m+fp/hard/crtbegin.o
LOAD C:/ST/STM32CubeIDE_1.16.1/STM32CubeIDE/plugins/com.st.stm32cube.ide.mcu.externaltools.gnu-tools-for-stm32.13.3.rel1.win32_1.0.0.202411081344/tools/bin/../lib/gcc/arm-none-eabi/13.3.1/../../../../arm-none-eabi/lib/thumb/v7e-m+fp/hard/crt0.o
LOAD ./Core/Src/main.o
LOAD ./Core/Src/stm32g4xx_hal_msp.o
LOAD ./Core/Src/stm32g4xx_it.o
LOAD ./Core/Src/syscalls.o
LOAD ./Core/Src/sysmem.o
LOAD ./Core/Src/system_stm32g4xx.o
LOAD ./Core/Startup/startup_stm32g431cbux.o
LOAD ./Drivers/STM32G4xx_HAL_Driver/Src/stm32g4xx_hal.o
LOAD ./Drivers/STM32G4xx_HAL_Driver/Src/stm32g4xx_hal_cortex.o
LOAD ./Drivers/STM32G4xx_HAL_Driver/Src/stm32g4xx_hal_dma.o
LOAD ./Drivers/STM32G4xx_HAL_Driver/Src/stm32g4xx_hal_dma_ex.o
LOAD ./Drivers/STM32G4xx_HAL_Driver/Src/stm32g4xx_hal_exti.o
LOAD ./Drivers/STM32G4xx_HAL_Driver/Src/stm32g4xx_hal_flash.o
LOAD ./Drivers/STM32G4xx_HAL_Driver/Src/stm32g4xx_hal_flash_ex.o
LOAD ./Drivers/STM32G4xx_HAL_Driver/Src/stm32g4xx_hal_flash_ramfunc.o
LOAD ./Drivers/STM32G4xx_HAL_Driver/Src/stm32g4xx_hal_gpio.o
LOAD ./Drivers/STM32G4xx_HAL_Driver/Src/stm32g4xx_hal_pcd.o
LOAD ./Drivers/STM32G4xx_HAL_Driver/Src/stm32g4xx_hal_pcd_ex.o
LOAD ./Drivers/STM32G4xx_HAL_Driver/Src/stm32g4xx_hal_pwr.o
LOAD ./Drivers/STM32G4xx_HAL_Driver/Src/stm32g4xx_hal_pwr_ex.o
LOAD ./Drivers/STM32G4xx_HAL_Driver/Src/stm32g4xx_hal_rcc.o
LOAD ./Drivers/STM32G4xx_HAL_Driver/Src/stm32g4xx_hal_rcc_ex.o
LOAD ./Drivers/STM32G4xx_HAL_Driver/Src/stm32g4xx_hal_uart.o
LOAD ./Drivers/STM32G4xx_HAL_Driver/Src/stm32g4xx_hal_uart_ex.o
LOAD ./Drivers/STM32G4xx_HAL_Driver/Src/stm32g4xx_ll_usb.o
LOAD ./Middlewares/ST/STM32_USB_Device_Library/Class/CDC/Src/usbd_cdc.o
LOAD ./Middlewares/ST/STM32_USB_Device_Library/Core/Src/usbd_core.o
LOAD ./Middlewares/ST/STM32_USB_Device_Library/Core/Src/usbd_ctlreq.o
LOAD ./Middlewares/ST/STM32_USB_Device_Library/Core/Src/usbd_ioreq.o
LOAD ./USB_Device/App/usb_device.o
LOAD ./USB_Device/App/usbd_cdc_if.o
LOAD ./USB_Device/App/usbd_desc.o
LOAD ./USB_Device/Target/usbd_conf.o
LOAD ./src/CircularBuffer.o
LOAD ./src/LoRa.o
LOAD ./src/MainMCU.o
LOAD ./src/UART.o
START GROUP
LOAD C:/ST/STM32CubeIDE_1.16.1/STM32CubeIDE/plugins/com.st.stm32cube.ide.mcu.externaltools.gnu-tools-for-stm32.13.3.rel1.win32_1.0.0.202411081344/tools/bin/../lib/gcc/arm-none-eabi/13.3.1/../../../../arm-none-eabi/lib/thumb/v7e-m+fp/hard\libstdc++_nano.a
LOAD C:/ST/STM32CubeIDE_1.16.1/STM32CubeIDE/plugins/com.st.stm32cube.ide.mcu.externaltools.gnu-tools-for-stm32.13.3.rel1.win32_1.0.0.202411081344/tools/bin/../lib/gcc/arm-none-eabi/13.3.1/../../../../arm-none-eabi/lib/thumb/v7e-m+fp/hard\libsupc++_nano.a
END GROUP
LOAD C:/ST/STM32CubeIDE_1.16.1/STM32CubeIDE/plugins/com.st.stm32cube.ide.mcu.externaltools.gnu-tools-for-stm32.13.3.rel1.win32_1.0.0.202411081344/tools/bin/../lib/gcc/arm-none-eabi/13.3.1/../../../../arm-none-eabi/lib/thumb/v7e-m+fp/hard\libstdc++_nano.a
LOAD C:/ST/STM32CubeIDE_1.16.1/STM32CubeIDE/plugins/com.st.stm32cube.ide.mcu.externaltools.gnu-tools-for-stm32.13.3.rel1.win32_1.0.0.202411081344/tools/bin/../lib/gcc/arm-none-eabi/13.3.1/../../../../arm-none-eabi/lib/thumb/v7e-m+fp/hard\libm.a
LOAD C:/ST/STM32CubeIDE_1.16.1/STM32CubeIDE/plugins/com.st.stm32cube.ide.mcu.externaltools.gnu-tools-for-stm32.13.3.rel1.win32_1.0.0.202411081344/tools/bin/../lib/gcc/arm-none-eabi/13.3.1/../../../../arm-none-eabi/lib/thumb/v7e-m+fp/hard\libc_nano.a
START GROUP
LOAD C:/ST/STM32CubeIDE_1.16.1/STM32CubeIDE/plugins/com.st.stm32cube.ide.mcu.externaltools.gnu-tools-for-stm32.13.3.rel1.win32_1.0.0.202411081344/tools/bin/../lib/gcc/arm-none-eabi/13.3.1/thumb/v7e-m+fp/hard\libgcc.a
LOAD C:/ST/STM32CubeIDE_1.16.1/STM32CubeIDE/plugins/com.st.stm32cube.ide.mcu.externaltools.gnu-tools-for-stm32.13.3.rel1.win32_1.0.0.202411081344/tools/bin/../lib/gcc/arm-none-eabi/13.3.1/../../../../arm-none-eabi/lib/thumb/v7e-m+fp/hard\libc_nano.a
END GROUP
START GROUP
LOAD C:/ST/STM32CubeIDE_1.16.1/STM32CubeIDE/plugins/com.st.stm32cube.ide.mcu.externaltools.gnu-tools-for-stm32.13.3.rel1.win32_1.0.0.202411081344/tools/bin/../lib/gcc/arm-none-eabi/13.3.1/thumb/v7e-m+fp/hard\libgcc.a
LOAD C:/ST/STM32CubeIDE_1.16.1/STM32CubeIDE/plugins/com.st.stm32cube.ide.mcu.externaltools.gnu-tools-for-stm32.13.3.rel1.win32_1.0.0.202411081344/tools/bin/../lib/gcc/arm-none-eabi/13.3.1/../../../../arm-none-eabi/lib/thumb/v7e-m+fp/hard\libc_nano.a
END GROUP
LOAD C:/ST/STM32CubeIDE_1.16.1/STM32CubeIDE/plugins/com.st.stm32cube.ide.mcu.externaltools.gnu-tools-for-stm32.13.3.rel1.win32_1.0.0.202411081344/tools/bin/../lib/gcc/arm-none-eabi/13.3.1/thumb/v7e-m+fp/hard/crtend.o
LOAD C:/ST/STM32CubeIDE_1.16.1/STM32CubeIDE/plugins/com.st.stm32cube.ide.mcu.externaltools.gnu-tools-for-stm32.13.3.rel1.win32_1.0.0.202411081344/tools/bin/../lib/gcc/arm-none-eabi/13.3.1/thumb/v7e-m+fp/hard/crtn.o
                0x20008000                        _estack = (ORIGIN (RAM) + LENGTH (RAM))
                0x00000200                        _Min_Heap_Size = 0x200
                0x00000400                        _Min_Stack_Size = 0x400

.isr_vector     0x08000000      0x1d8
                0x08000000                        . = ALIGN (0x4)
 *(.isr_vector)
 .isr_vector    0x08000000      0x1d8 ./Core/Startup/startup_stm32g431cbux.o
                0x08000000                g_pfnVectors
                0x080001d8                        . = ALIGN (0x4)

.text           0x080001d8     0xa1cc
                0x080001d8                        . = ALIGN (0x4)
 *(.text)
 .text          0x080001d8       0x40 C:/ST/STM32CubeIDE_1.16.1/STM32CubeIDE/plugins/com.st.stm32cube.ide.mcu.externaltools.gnu-tools-for-stm32.13.3.rel1.win32_1.0.0.202411081344/tools/bin/../lib/gcc/arm-none-eabi/13.3.1/thumb/v7e-m+fp/hard/crtbegin.o
 .text          0x08000218       0x30 C:/ST/STM32CubeIDE_1.16.1/STM32CubeIDE/plugins/com.st.stm32cube.ide.mcu.externaltools.gnu-tools-for-stm32.13.3.rel1.win32_1.0.0.202411081344/tools/bin/../lib/gcc/arm-none-eabi/13.3.1/thumb/v7e-m+fp/hard\libgcc.a(_aeabi_uldivmod.o)
                0x08000218                __aeabi_uldivmod
 .text          0x08000248      0x2f8 C:/ST/STM32CubeIDE_1.16.1/STM32CubeIDE/plugins/com.st.stm32cube.ide.mcu.externaltools.gnu-tools-for-stm32.13.3.rel1.win32_1.0.0.202411081344/tools/bin/../lib/gcc/arm-none-eabi/13.3.1/thumb/v7e-m+fp/hard\libgcc.a(_udivmoddi4.o)
                0x08000248                __udivmoddi4
 .text          0x08000540        0x4 C:/ST/STM32CubeIDE_1.16.1/STM32CubeIDE/plugins/com.st.stm32cube.ide.mcu.externaltools.gnu-tools-for-stm32.13.3.rel1.win32_1.0.0.202411081344/tools/bin/../lib/gcc/arm-none-eabi/13.3.1/thumb/v7e-m+fp/hard\libgcc.a(_dvmd_tls.o)
                0x08000540                __aeabi_idiv0
                0x08000540                __aeabi_ldiv0
 *(.text*)
 .text.main     0x08000544       0x38 ./Core/Src/main.o
                0x08000544                main
 .text.SystemClock_Config
                0x0800057c       0x84 ./Core/Src/main.o
                0x0800057c                SystemClock_Config
 .text.MX_USART1_UART_Init
                0x08000600       0xa0 ./Core/Src/main.o
 .text.MX_DMA_Init
                0x080006a0       0x64 ./Core/Src/main.o
 .text.MX_GPIO_Init
                0x08000704       0xe0 ./Core/Src/main.o
 .text.Error_Handler
                0x080007e4        0xc ./Core/Src/main.o
                0x080007e4                Error_Handler
 .text.HAL_MspInit
                0x080007f0       0x48 ./Core/Src/stm32g4xx_hal_msp.o
                0x080007f0                HAL_MspInit
 .text.HAL_UART_MspInit
                0x08000838      0x178 ./Core/Src/stm32g4xx_hal_msp.o
                0x08000838                HAL_UART_MspInit
 .text.NMI_Handler
                0x080009b0        0x8 ./Core/Src/stm32g4xx_it.o
                0x080009b0                NMI_Handler
 .text.HardFault_Handler
                0x080009b8        0x8 ./Core/Src/stm32g4xx_it.o
                0x080009b8                HardFault_Handler
 .text.MemManage_Handler
                0x080009c0        0x8 ./Core/Src/stm32g4xx_it.o
                0x080009c0                MemManage_Handler
 .text.BusFault_Handler
                0x080009c8        0x8 ./Core/Src/stm32g4xx_it.o
                0x080009c8                BusFault_Handler
 .text.UsageFault_Handler
                0x080009d0        0x8 ./Core/Src/stm32g4xx_it.o
                0x080009d0                UsageFault_Handler
 .text.SVC_Handler
                0x080009d8        0xe ./Core/Src/stm32g4xx_it.o
                0x080009d8                SVC_Handler
 .text.DebugMon_Handler
                0x080009e6        0xe ./Core/Src/stm32g4xx_it.o
                0x080009e6                DebugMon_Handler
 .text.PendSV_Handler
                0x080009f4        0xe ./Core/Src/stm32g4xx_it.o
                0x080009f4                PendSV_Handler
 .text.SysTick_Handler
                0x08000a02        0xc ./Core/Src/stm32g4xx_it.o
                0x08000a02                SysTick_Handler
 *fill*         0x08000a0e        0x2 
 .text.DMA1_Channel1_IRQHandler
                0x08000a10       0x14 ./Core/Src/stm32g4xx_it.o
                0x08000a10                DMA1_Channel1_IRQHandler
 .text.DMA1_Channel2_IRQHandler
                0x08000a24       0x14 ./Core/Src/stm32g4xx_it.o
                0x08000a24                DMA1_Channel2_IRQHandler
 .text.USB_LP_IRQHandler
                0x08000a38       0x14 ./Core/Src/stm32g4xx_it.o
                0x08000a38                USB_LP_IRQHandler
 .text.USART1_IRQHandler
                0x08000a4c       0x14 ./Core/Src/stm32g4xx_it.o
                0x08000a4c                USART1_IRQHandler
 .text.SystemInit
                0x08000a60       0x24 ./Core/Src/system_stm32g4xx.o
                0x08000a60                SystemInit
 .text.Reset_Handler
                0x08000a84       0x50 ./Core/Startup/startup_stm32g431cbux.o
                0x08000a84                Reset_Handler
 .text.Default_Handler
                0x08000ad4        0x2 ./Core/Startup/startup_stm32g431cbux.o
                0x08000ad4                RTC_Alarm_IRQHandler
                0x08000ad4                EXTI2_IRQHandler
                0x08000ad4                TIM8_TRG_COM_IRQHandler
                0x08000ad4                TIM8_CC_IRQHandler
                0x08000ad4                TIM1_CC_IRQHandler
                0x08000ad4                USB_HP_IRQHandler
                0x08000ad4                CORDIC_IRQHandler
                0x08000ad4                EXTI3_IRQHandler
                0x08000ad4                I2C3_ER_IRQHandler
                0x08000ad4                EXTI0_IRQHandler
                0x08000ad4                I2C2_EV_IRQHandler
                0x08000ad4                FPU_IRQHandler
                0x08000ad4                FDCAN1_IT1_IRQHandler
                0x08000ad4                TIM1_UP_TIM16_IRQHandler
                0x08000ad4                ADC1_2_IRQHandler
                0x08000ad4                SPI1_IRQHandler
                0x08000ad4                TIM6_DAC_IRQHandler
                0x08000ad4                TIM8_UP_IRQHandler
                0x08000ad4                DMA2_Channel2_IRQHandler
                0x08000ad4                DMA1_Channel4_IRQHandler
                0x08000ad4                USART3_IRQHandler
                0x08000ad4                TIM4_IRQHandler
                0x08000ad4                DMA2_Channel1_IRQHandler
                0x08000ad4                I2C1_EV_IRQHandler
                0x08000ad4                DMA1_Channel6_IRQHandler
                0x08000ad4                UART4_IRQHandler
                0x08000ad4                DMA2_Channel4_IRQHandler
                0x08000ad4                TIM3_IRQHandler
                0x08000ad4                RCC_IRQHandler
                0x08000ad4                Default_Handler
                0x08000ad4                RTC_TAMP_LSECSS_IRQHandler
                0x08000ad4                FMAC_IRQHandler
                0x08000ad4                EXTI15_10_IRQHandler
                0x08000ad4                TIM7_IRQHandler
                0x08000ad4                UCPD1_IRQHandler
                0x08000ad4                I2C3_EV_IRQHandler
                0x08000ad4                EXTI9_5_IRQHandler
                0x08000ad4                RTC_WKUP_IRQHandler
                0x08000ad4                PVD_PVM_IRQHandler
                0x08000ad4                SPI2_IRQHandler
                0x08000ad4                DMA2_Channel5_IRQHandler
                0x08000ad4                CRS_IRQHandler
                0x08000ad4                DMA1_Channel5_IRQHandler
                0x08000ad4                EXTI4_IRQHandler
                0x08000ad4                RNG_IRQHandler
                0x08000ad4                TIM1_TRG_COM_TIM17_IRQHandler
                0x08000ad4                DMA1_Channel3_IRQHandler
                0x08000ad4                WWDG_IRQHandler
                0x08000ad4                LPUART1_IRQHandler
                0x08000ad4                DMA2_Channel6_IRQHandler
                0x08000ad4                FDCAN1_IT0_IRQHandler
                0x08000ad4                TIM2_IRQHandler
                0x08000ad4                COMP1_2_3_IRQHandler
                0x08000ad4                EXTI1_IRQHandler
                0x08000ad4                USART2_IRQHandler
                0x08000ad4                I2C2_ER_IRQHandler
                0x08000ad4                TIM8_BRK_IRQHandler
                0x08000ad4                FLASH_IRQHandler
                0x08000ad4                SPI3_IRQHandler
                0x08000ad4                I2C1_ER_IRQHandler
                0x08000ad4                LPTIM1_IRQHandler
                0x08000ad4                DMAMUX_OVR_IRQHandler
                0x08000ad4                USBWakeUp_IRQHandler
                0x08000ad4                SAI1_IRQHandler
                0x08000ad4                DMA2_Channel3_IRQHandler
                0x08000ad4                COMP4_IRQHandler
                0x08000ad4                TIM1_BRK_TIM15_IRQHandler
 .text.HAL_Init
                0x08000ad6       0x30 ./Drivers/STM32G4xx_HAL_Driver/Src/stm32g4xx_hal.o
                0x08000ad6                HAL_Init
 *fill*         0x08000b06        0x2 
 .text.HAL_InitTick
                0x08000b08       0x74 ./Drivers/STM32G4xx_HAL_Driver/Src/stm32g4xx_hal.o
                0x08000b08                HAL_InitTick
 .text.HAL_IncTick
                0x08000b7c       0x24 ./Drivers/STM32G4xx_HAL_Driver/Src/stm32g4xx_hal.o
                0x08000b7c                HAL_IncTick
 .text.HAL_GetTick
                0x08000ba0       0x18 ./Drivers/STM32G4xx_HAL_Driver/Src/stm32g4xx_hal.o
                0x08000ba0                HAL_GetTick
 .text.HAL_Delay
                0x08000bb8       0x44 ./Drivers/STM32G4xx_HAL_Driver/Src/stm32g4xx_hal.o
                0x08000bb8                HAL_Delay
 .text.__NVIC_SetPriorityGrouping
                0x08000bfc       0x48 ./Drivers/STM32G4xx_HAL_Driver/Src/stm32g4xx_hal_cortex.o
 .text.__NVIC_GetPriorityGrouping
                0x08000c44       0x1c ./Drivers/STM32G4xx_HAL_Driver/Src/stm32g4xx_hal_cortex.o
 .text.__NVIC_EnableIRQ
                0x08000c60       0x3c ./Drivers/STM32G4xx_HAL_Driver/Src/stm32g4xx_hal_cortex.o
 .text.__NVIC_SetPriority
                0x08000c9c       0x54 ./Drivers/STM32G4xx_HAL_Driver/Src/stm32g4xx_hal_cortex.o
 .text.NVIC_EncodePriority
                0x08000cf0       0x66 ./Drivers/STM32G4xx_HAL_Driver/Src/stm32g4xx_hal_cortex.o
 *fill*         0x08000d56        0x2 
 .text.SysTick_Config
                0x08000d58       0x44 ./Drivers/STM32G4xx_HAL_Driver/Src/stm32g4xx_hal_cortex.o
 .text.HAL_NVIC_SetPriorityGrouping
                0x08000d9c       0x16 ./Drivers/STM32G4xx_HAL_Driver/Src/stm32g4xx_hal_cortex.o
                0x08000d9c                HAL_NVIC_SetPriorityGrouping
 .text.HAL_NVIC_SetPriority
                0x08000db2       0x34 ./Drivers/STM32G4xx_HAL_Driver/Src/stm32g4xx_hal_cortex.o
                0x08000db2                HAL_NVIC_SetPriority
 .text.HAL_NVIC_EnableIRQ
                0x08000de6       0x1c ./Drivers/STM32G4xx_HAL_Driver/Src/stm32g4xx_hal_cortex.o
                0x08000de6                HAL_NVIC_EnableIRQ
 .text.HAL_SYSTICK_Config
                0x08000e02       0x18 ./Drivers/STM32G4xx_HAL_Driver/Src/stm32g4xx_hal_cortex.o
                0x08000e02                HAL_SYSTICK_Config
 *fill*         0x08000e1a        0x2 
 .text.HAL_DMA_Init
                0x08000e1c      0x150 ./Drivers/STM32G4xx_HAL_Driver/Src/stm32g4xx_hal_dma.o
                0x08000e1c                HAL_DMA_Init
 .text.HAL_DMA_Start_IT
                0x08000f6c       0xf6 ./Drivers/STM32G4xx_HAL_Driver/Src/stm32g4xx_hal_dma.o
                0x08000f6c                HAL_DMA_Start_IT
 .text.HAL_DMA_Abort
                0x08001062       0xb2 ./Drivers/STM32G4xx_HAL_Driver/Src/stm32g4xx_hal_dma.o
                0x08001062                HAL_DMA_Abort
 .text.HAL_DMA_Abort_IT
                0x08001114       0xce ./Drivers/STM32G4xx_HAL_Driver/Src/stm32g4xx_hal_dma.o
                0x08001114                HAL_DMA_Abort_IT
 .text.HAL_DMA_IRQHandler
                0x080011e2      0x15e ./Drivers/STM32G4xx_HAL_Driver/Src/stm32g4xx_hal_dma.o
                0x080011e2                HAL_DMA_IRQHandler
 .text.DMA_SetConfig
                0x08001340       0x7c ./Drivers/STM32G4xx_HAL_Driver/Src/stm32g4xx_hal_dma.o
 .text.DMA_CalcDMAMUXChannelBaseAndMask
                0x080013bc       0x7c ./Drivers/STM32G4xx_HAL_Driver/Src/stm32g4xx_hal_dma.o
 .text.DMA_CalcDMAMUXRequestGenBaseAndMask
                0x08001438       0x48 ./Drivers/STM32G4xx_HAL_Driver/Src/stm32g4xx_hal_dma.o
 .text.HAL_GPIO_Init
                0x08001480      0x304 ./Drivers/STM32G4xx_HAL_Driver/Src/stm32g4xx_hal_gpio.o
                0x08001480                HAL_GPIO_Init
 .text.HAL_GPIO_ReadPin
                0x08001784       0x30 ./Drivers/STM32G4xx_HAL_Driver/Src/stm32g4xx_hal_gpio.o
                0x08001784                HAL_GPIO_ReadPin
 .text.HAL_GPIO_WritePin
                0x080017b4       0x30 ./Drivers/STM32G4xx_HAL_Driver/Src/stm32g4xx_hal_gpio.o
                0x080017b4                HAL_GPIO_WritePin
 .text.HAL_PCD_Init
                0x080017e4      0x19c ./Drivers/STM32G4xx_HAL_Driver/Src/stm32g4xx_hal_pcd.o
                0x080017e4                HAL_PCD_Init
 .text.HAL_PCD_Start
                0x08001980       0x44 ./Drivers/STM32G4xx_HAL_Driver/Src/stm32g4xx_hal_pcd.o
                0x08001980                HAL_PCD_Start
 .text.HAL_PCD_IRQHandler
                0x080019c4      0x24e ./Drivers/STM32G4xx_HAL_Driver/Src/stm32g4xx_hal_pcd.o
                0x080019c4                HAL_PCD_IRQHandler
 .text.HAL_PCD_SetAddress
                0x08001c12       0x48 ./Drivers/STM32G4xx_HAL_Driver/Src/stm32g4xx_hal_pcd.o
                0x08001c12                HAL_PCD_SetAddress
 .text.HAL_PCD_EP_Open
                0x08001c5a       0xbe ./Drivers/STM32G4xx_HAL_Driver/Src/stm32g4xx_hal_pcd.o
                0x08001c5a                HAL_PCD_EP_Open
 .text.HAL_PCD_EP_Close
                0x08001d18       0x90 ./Drivers/STM32G4xx_HAL_Driver/Src/stm32g4xx_hal_pcd.o
                0x08001d18                HAL_PCD_EP_Close
 .text.HAL_PCD_EP_Receive
                0x08001da8       0x62 ./Drivers/STM32G4xx_HAL_Driver/Src/stm32g4xx_hal_pcd.o
                0x08001da8                HAL_PCD_EP_Receive
 .text.HAL_PCD_EP_GetRxCount
                0x08001e0a       0x30 ./Drivers/STM32G4xx_HAL_Driver/Src/stm32g4xx_hal_pcd.o
                0x08001e0a                HAL_PCD_EP_GetRxCount
 .text.HAL_PCD_EP_Transmit
                0x08001e3a       0x6e ./Drivers/STM32G4xx_HAL_Driver/Src/stm32g4xx_hal_pcd.o
                0x08001e3a                HAL_PCD_EP_Transmit
 .text.HAL_PCD_EP_SetStall
                0x08001ea8       0xa4 ./Drivers/STM32G4xx_HAL_Driver/Src/stm32g4xx_hal_pcd.o
                0x08001ea8                HAL_PCD_EP_SetStall
 .text.HAL_PCD_EP_ClrStall
                0x08001f4c       0xa8 ./Drivers/STM32G4xx_HAL_Driver/Src/stm32g4xx_hal_pcd.o
                0x08001f4c                HAL_PCD_EP_ClrStall
 .text.PCD_EP_ISR_Handler
                0x08001ff4      0x68e ./Drivers/STM32G4xx_HAL_Driver/Src/stm32g4xx_hal_pcd.o
 .text.HAL_PCD_EP_DB_Receive
                0x08002682      0x212 ./Drivers/STM32G4xx_HAL_Driver/Src/stm32g4xx_hal_pcd.o
 .text.HAL_PCD_EP_DB_Transmit
                0x08002894      0x878 ./Drivers/STM32G4xx_HAL_Driver/Src/stm32g4xx_hal_pcd.o
 .text.HAL_PCDEx_PMAConfig
                0x0800310c       0x86 ./Drivers/STM32G4xx_HAL_Driver/Src/stm32g4xx_hal_pcd_ex.o
                0x0800310c                HAL_PCDEx_PMAConfig
 .text.HAL_PCDEx_ActivateLPM
                0x08003192       0x54 ./Drivers/STM32G4xx_HAL_Driver/Src/stm32g4xx_hal_pcd_ex.o
                0x08003192                HAL_PCDEx_ActivateLPM
 *fill*         0x080031e6        0x2 
 .text.HAL_PWREx_ControlVoltageScaling
                0x080031e8      0x148 ./Drivers/STM32G4xx_HAL_Driver/Src/stm32g4xx_hal_pwr_ex.o
                0x080031e8                HAL_PWREx_ControlVoltageScaling
 .text.HAL_PWREx_DisableUCPDDeadBattery
                0x08003330       0x20 ./Drivers/STM32G4xx_HAL_Driver/Src/stm32g4xx_hal_pwr_ex.o
                0x08003330                HAL_PWREx_DisableUCPDDeadBattery
 .text.HAL_RCC_OscConfig
                0x08003350      0x624 ./Drivers/STM32G4xx_HAL_Driver/Src/stm32g4xx_hal_rcc.o
                0x08003350                HAL_RCC_OscConfig
 .text.HAL_RCC_ClockConfig
                0x08003974      0x278 ./Drivers/STM32G4xx_HAL_Driver/Src/stm32g4xx_hal_rcc.o
                0x08003974                HAL_RCC_ClockConfig
 .text.HAL_RCC_GetSysClockFreq
                0x08003bec       0xc4 ./Drivers/STM32G4xx_HAL_Driver/Src/stm32g4xx_hal_rcc.o
                0x08003bec                HAL_RCC_GetSysClockFreq
 .text.HAL_RCC_GetHCLKFreq
                0x08003cb0       0x18 ./Drivers/STM32G4xx_HAL_Driver/Src/stm32g4xx_hal_rcc.o
                0x08003cb0                HAL_RCC_GetHCLKFreq
 .text.HAL_RCC_GetPCLK1Freq
                0x08003cc8       0x2c ./Drivers/STM32G4xx_HAL_Driver/Src/stm32g4xx_hal_rcc.o
                0x08003cc8                HAL_RCC_GetPCLK1Freq
 .text.HAL_RCC_GetPCLK2Freq
                0x08003cf4       0x2c ./Drivers/STM32G4xx_HAL_Driver/Src/stm32g4xx_hal_rcc.o
                0x08003cf4                HAL_RCC_GetPCLK2Freq
 .text.RCC_GetSysClockFreqFromPLLSource
                0x08003d20       0x8c ./Drivers/STM32G4xx_HAL_Driver/Src/stm32g4xx_hal_rcc.o
 .text.HAL_RCCEx_PeriphCLKConfig
                0x08003dac      0x3e0 ./Drivers/STM32G4xx_HAL_Driver/Src/stm32g4xx_hal_rcc_ex.o
                0x08003dac                HAL_RCCEx_PeriphCLKConfig
 .text.HAL_UART_Init
                0x0800418c       0xa0 ./Drivers/STM32G4xx_HAL_Driver/Src/stm32g4xx_hal_uart.o
                0x0800418c                HAL_UART_Init
 .text.HAL_UART_Transmit
                0x0800422c      0x11c ./Drivers/STM32G4xx_HAL_Driver/Src/stm32g4xx_hal_uart.o
                0x0800422c                HAL_UART_Transmit
 .text.HAL_UART_Receive
                0x08004348      0x190 ./Drivers/STM32G4xx_HAL_Driver/Src/stm32g4xx_hal_uart.o
                0x08004348                HAL_UART_Receive
 .text.HAL_UART_Transmit_DMA
                0x080044d8      0x100 ./Drivers/STM32G4xx_HAL_Driver/Src/stm32g4xx_hal_uart.o
                0x080044d8                HAL_UART_Transmit_DMA
 .text.HAL_UART_IRQHandler
                0x080045d8      0x684 ./Drivers/STM32G4xx_HAL_Driver/Src/stm32g4xx_hal_uart.o
                0x080045d8                HAL_UART_IRQHandler
 .text.HAL_UART_TxHalfCpltCallback
                0x08004c5c       0x14 ./Drivers/STM32G4xx_HAL_Driver/Src/stm32g4xx_hal_uart.o
                0x08004c5c                HAL_UART_TxHalfCpltCallback
 .text.HAL_UART_RxCpltCallback
                0x08004c70       0x14 ./Drivers/STM32G4xx_HAL_Driver/Src/stm32g4xx_hal_uart.o
                0x08004c70                HAL_UART_RxCpltCallback
 .text.HAL_UART_RxHalfCpltCallback
                0x08004c84       0x14 ./Drivers/STM32G4xx_HAL_Driver/Src/stm32g4xx_hal_uart.o
                0x08004c84                HAL_UART_RxHalfCpltCallback
 .text.UART_SetConfig
                0x08004c98      0x598 ./Drivers/STM32G4xx_HAL_Driver/Src/stm32g4xx_hal_uart.o
                0x08004c98                UART_SetConfig
 .text.UART_AdvFeatureConfig
                0x08005230      0x144 ./Drivers/STM32G4xx_HAL_Driver/Src/stm32g4xx_hal_uart.o
                0x08005230                UART_AdvFeatureConfig
 .text.UART_CheckIdleState
                0x08005374      0x154 ./Drivers/STM32G4xx_HAL_Driver/Src/stm32g4xx_hal_uart.o
                0x08005374                UART_CheckIdleState
 .text.UART_WaitOnFlagUntilTimeout
                0x080054c8       0xda ./Drivers/STM32G4xx_HAL_Driver/Src/stm32g4xx_hal_uart.o
                0x080054c8                UART_WaitOnFlagUntilTimeout
 *fill*         0x080055a2        0x2 
 .text.UART_Start_Receive_DMA
                0x080055a4      0x14c ./Drivers/STM32G4xx_HAL_Driver/Src/stm32g4xx_hal_uart.o
                0x080055a4                UART_Start_Receive_DMA
 .text.UART_EndTxTransfer
                0x080056f0       0x82 ./Drivers/STM32G4xx_HAL_Driver/Src/stm32g4xx_hal_uart.o
 .text.UART_EndRxTransfer
                0x08005772       0xcc ./Drivers/STM32G4xx_HAL_Driver/Src/stm32g4xx_hal_uart.o
 .text.UART_DMATransmitCplt
                0x0800583e       0x9a ./Drivers/STM32G4xx_HAL_Driver/Src/stm32g4xx_hal_uart.o
 .text.UART_DMATxHalfCplt
                0x080058d8       0x1c ./Drivers/STM32G4xx_HAL_Driver/Src/stm32g4xx_hal_uart.o
 .text.UART_DMAReceiveCplt
                0x080058f4      0x12c ./Drivers/STM32G4xx_HAL_Driver/Src/stm32g4xx_hal_uart.o
 .text.UART_DMARxHalfCplt
                0x08005a20       0x3e ./Drivers/STM32G4xx_HAL_Driver/Src/stm32g4xx_hal_uart.o
 .text.UART_DMAError
                0x08005a5e       0x80 ./Drivers/STM32G4xx_HAL_Driver/Src/stm32g4xx_hal_uart.o
 .text.UART_DMAAbortOnError
                0x08005ade       0x24 ./Drivers/STM32G4xx_HAL_Driver/Src/stm32g4xx_hal_uart.o
 .text.UART_EndTransmit_IT
                0x08005b02       0x56 ./Drivers/STM32G4xx_HAL_Driver/Src/stm32g4xx_hal_uart.o
 .text.HAL_UARTEx_WakeupCallback
                0x08005b58       0x14 ./Drivers/STM32G4xx_HAL_Driver/Src/stm32g4xx_hal_uart_ex.o
                0x08005b58                HAL_UARTEx_WakeupCallback
 .text.HAL_UARTEx_RxFifoFullCallback
                0x08005b6c       0x14 ./Drivers/STM32G4xx_HAL_Driver/Src/stm32g4xx_hal_uart_ex.o
                0x08005b6c                HAL_UARTEx_RxFifoFullCallback
 .text.HAL_UARTEx_TxFifoEmptyCallback
                0x08005b80       0x14 ./Drivers/STM32G4xx_HAL_Driver/Src/stm32g4xx_hal_uart_ex.o
                0x08005b80                HAL_UARTEx_TxFifoEmptyCallback
 .text.HAL_UARTEx_DisableFifoMode
                0x08005b94       0x72 ./Drivers/STM32G4xx_HAL_Driver/Src/stm32g4xx_hal_uart_ex.o
                0x08005b94                HAL_UARTEx_DisableFifoMode
 .text.HAL_UARTEx_SetTxFifoThreshold
                0x08005c06       0x7c ./Drivers/STM32G4xx_HAL_Driver/Src/stm32g4xx_hal_uart_ex.o
                0x08005c06                HAL_UARTEx_SetTxFifoThreshold
 .text.HAL_UARTEx_SetRxFifoThreshold
                0x08005c82       0x7c ./Drivers/STM32G4xx_HAL_Driver/Src/stm32g4xx_hal_uart_ex.o
                0x08005c82                HAL_UARTEx_SetRxFifoThreshold
 .text.HAL_UARTEx_ReceiveToIdle_DMA
                0x08005cfe       0xa8 ./Drivers/STM32G4xx_HAL_Driver/Src/stm32g4xx_hal_uart_ex.o
                0x08005cfe                HAL_UARTEx_ReceiveToIdle_DMA
 *fill*         0x08005da6        0x2 
 .text.UARTEx_SetNbDataToProcess
                0x08005da8       0x9c ./Drivers/STM32G4xx_HAL_Driver/Src/stm32g4xx_hal_uart_ex.o
 .text.USB_EnableGlobalInt
                0x08005e44       0x2e ./Drivers/STM32G4xx_HAL_Driver/Src/stm32g4xx_ll_usb.o
                0x08005e44                USB_EnableGlobalInt
 .text.USB_DisableGlobalInt
                0x08005e72       0x36 ./Drivers/STM32G4xx_HAL_Driver/Src/stm32g4xx_ll_usb.o
                0x08005e72                USB_DisableGlobalInt
 .text.USB_DevInit
                0x08005ea8       0x3c ./Drivers/STM32G4xx_HAL_Driver/Src/stm32g4xx_ll_usb.o
                0x08005ea8                USB_DevInit
 .text.USB_ActivateEndpoint
                0x08005ee4      0x9d0 ./Drivers/STM32G4xx_HAL_Driver/Src/stm32g4xx_ll_usb.o
                0x08005ee4                USB_ActivateEndpoint
 .text.USB_DeactivateEndpoint
                0x080068b4      0x3da ./Drivers/STM32G4xx_HAL_Driver/Src/stm32g4xx_ll_usb.o
                0x080068b4                USB_DeactivateEndpoint
 .text.USB_EPStartXfer
                0x08006c8e      0xb5e ./Drivers/STM32G4xx_HAL_Driver/Src/stm32g4xx_ll_usb.o
                0x08006c8e                USB_EPStartXfer
 .text.USB_EPSetStall
                0x080077ec       0xa2 ./Drivers/STM32G4xx_HAL_Driver/Src/stm32g4xx_ll_usb.o
                0x080077ec                USB_EPSetStall
 .text.USB_EPClearStall
                0x0800788e      0x152 ./Drivers/STM32G4xx_HAL_Driver/Src/stm32g4xx_ll_usb.o
                0x0800788e                USB_EPClearStall
 .text.USB_SetDevAddress
                0x080079e0       0x28 ./Drivers/STM32G4xx_HAL_Driver/Src/stm32g4xx_ll_usb.o
                0x080079e0                USB_SetDevAddress
 .text.USB_DevConnect
                0x08007a08       0x2e ./Drivers/STM32G4xx_HAL_Driver/Src/stm32g4xx_ll_usb.o
                0x08007a08                USB_DevConnect
 .text.USB_ReadInterrupts
                0x08007a36       0x20 ./Drivers/STM32G4xx_HAL_Driver/Src/stm32g4xx_ll_usb.o
                0x08007a36                USB_ReadInterrupts
 .text.USB_WritePMA
                0x08007a56       0x86 ./Drivers/STM32G4xx_HAL_Driver/Src/stm32g4xx_ll_usb.o
                0x08007a56                USB_WritePMA
 .text.USB_ReadPMA
                0x08007adc       0x98 ./Drivers/STM32G4xx_HAL_Driver/Src/stm32g4xx_ll_usb.o
                0x08007adc                USB_ReadPMA
 .text.USBD_CDC_Init
                0x08007b74       0xfe ./Middlewares/ST/STM32_USB_Device_Library/Class/CDC/Src/usbd_cdc.o
 .text.USBD_CDC_DeInit
                0x08007c72       0x74 ./Middlewares/ST/STM32_USB_Device_Library/Class/CDC/Src/usbd_cdc.o
 *fill*         0x08007ce6        0x2 
 .text.USBD_CDC_Setup
                0x08007ce8      0x190 ./Middlewares/ST/STM32_USB_Device_Library/Class/CDC/Src/usbd_cdc.o
 .text.USBD_CDC_DataIn
                0x08007e78       0xca ./Middlewares/ST/STM32_USB_Device_Library/Class/CDC/Src/usbd_cdc.o
 .text.USBD_CDC_DataOut
                0x08007f42       0x56 ./Middlewares/ST/STM32_USB_Device_Library/Class/CDC/Src/usbd_cdc.o
 .text.USBD_CDC_EP0_RxReady
                0x08007f98       0x58 ./Middlewares/ST/STM32_USB_Device_Library/Class/CDC/Src/usbd_cdc.o
 .text.USBD_CDC_GetFSCfgDesc
                0x08007ff0       0x20 ./Middlewares/ST/STM32_USB_Device_Library/Class/CDC/Src/usbd_cdc.o
 .text.USBD_CDC_GetHSCfgDesc
                0x08008010       0x20 ./Middlewares/ST/STM32_USB_Device_Library/Class/CDC/Src/usbd_cdc.o
 .text.USBD_CDC_GetOtherSpeedCfgDesc
                0x08008030       0x20 ./Middlewares/ST/STM32_USB_Device_Library/Class/CDC/Src/usbd_cdc.o
 .text.USBD_CDC_GetDeviceQualifierDescriptor
                0x08008050       0x20 ./Middlewares/ST/STM32_USB_Device_Library/Class/CDC/Src/usbd_cdc.o
                0x08008050                USBD_CDC_GetDeviceQualifierDescriptor
 .text.USBD_CDC_RegisterInterface
                0x08008070       0x2a ./Middlewares/ST/STM32_USB_Device_Library/Class/CDC/Src/usbd_cdc.o
                0x08008070                USBD_CDC_RegisterInterface
 .text.USBD_CDC_SetTxBuffer
                0x0800809a       0x3c ./Middlewares/ST/STM32_USB_Device_Library/Class/CDC/Src/usbd_cdc.o
                0x0800809a                USBD_CDC_SetTxBuffer
 .text.USBD_CDC_SetRxBuffer
                0x080080d6       0x32 ./Middlewares/ST/STM32_USB_Device_Library/Class/CDC/Src/usbd_cdc.o
                0x080080d6                USBD_CDC_SetRxBuffer
 .text.USBD_CDC_ReceivePacket
                0x08008108       0x54 ./Middlewares/ST/STM32_USB_Device_Library/Class/CDC/Src/usbd_cdc.o
                0x08008108                USBD_CDC_ReceivePacket
 .text.USBD_Init
                0x0800815c       0x60 ./Middlewares/ST/STM32_USB_Device_Library/Core/Src/usbd_core.o
                0x0800815c                USBD_Init
 .text.USBD_RegisterClass
                0x080081bc       0x4e ./Middlewares/ST/STM32_USB_Device_Library/Core/Src/usbd_core.o
                0x080081bc                USBD_RegisterClass
 .text.USBD_Start
                0x0800820a       0x18 ./Middlewares/ST/STM32_USB_Device_Library/Core/Src/usbd_core.o
                0x0800820a                USBD_Start
 .text.USBD_RunTestMode
                0x08008222       0x16 ./Middlewares/ST/STM32_USB_Device_Library/Core/Src/usbd_core.o
                0x08008222                USBD_RunTestMode
 .text.USBD_SetClassConfig
                0x08008238       0x38 ./Middlewares/ST/STM32_USB_Device_Library/Core/Src/usbd_core.o
                0x08008238                USBD_SetClassConfig
 .text.USBD_ClrClassConfig
                0x08008270       0x30 ./Middlewares/ST/STM32_USB_Device_Library/Core/Src/usbd_core.o
                0x08008270                USBD_ClrClassConfig
 .text.USBD_LL_SetupStage
                0x080082a0       0xaa ./Middlewares/ST/STM32_USB_Device_Library/Core/Src/usbd_core.o
                0x080082a0                USBD_LL_SetupStage
 .text.USBD_LL_DataOutStage
                0x0800834a       0xc6 ./Middlewares/ST/STM32_USB_Device_Library/Core/Src/usbd_core.o
                0x0800834a                USBD_LL_DataOutStage
 .text.USBD_LL_DataInStage
                0x08008410      0x12c ./Middlewares/ST/STM32_USB_Device_Library/Core/Src/usbd_core.o
                0x08008410                USBD_LL_DataInStage
 .text.USBD_LL_Reset
                0x0800853c       0x9c ./Middlewares/ST/STM32_USB_Device_Library/Core/Src/usbd_core.o
                0x0800853c                USBD_LL_Reset
 .text.USBD_LL_SetSpeed
                0x080085d8       0x20 ./Middlewares/ST/STM32_USB_Device_Library/Core/Src/usbd_core.o
                0x080085d8                USBD_LL_SetSpeed
 .text.USBD_LL_Suspend
                0x080085f8       0x2c ./Middlewares/ST/STM32_USB_Device_Library/Core/Src/usbd_core.o
                0x080085f8                USBD_LL_Suspend
 .text.USBD_LL_Resume
                0x08008624       0x30 ./Middlewares/ST/STM32_USB_Device_Library/Core/Src/usbd_core.o
                0x08008624                USBD_LL_Resume
 .text.USBD_LL_SOF
                0x08008654       0x44 ./Middlewares/ST/STM32_USB_Device_Library/Core/Src/usbd_core.o
                0x08008654                USBD_LL_SOF
 .text.SWAPBYTE
                0x08008698       0x3e ./Middlewares/ST/STM32_USB_Device_Library/Core/Src/usbd_ctlreq.o
 *fill*         0x080086d6        0x2 
 .text.USBD_StdDevReq
                0x080086d8       0xdc ./Middlewares/ST/STM32_USB_Device_Library/Core/Src/usbd_ctlreq.o
                0x080086d8                USBD_StdDevReq
 .text.USBD_StdItfReq
                0x080087b4       0x92 ./Middlewares/ST/STM32_USB_Device_Library/Core/Src/usbd_ctlreq.o
                0x080087b4                USBD_StdItfReq
 .text.USBD_StdEPReq
                0x08008846      0x2c4 ./Middlewares/ST/STM32_USB_Device_Library/Core/Src/usbd_ctlreq.o
                0x08008846                USBD_StdEPReq
 *fill*         0x08008b0a        0x2 
 .text.USBD_GetDescriptor
                0x08008b0c      0x328 ./Middlewares/ST/STM32_USB_Device_Library/Core/Src/usbd_ctlreq.o
 .text.USBD_SetAddress
                0x08008e34       0x88 ./Middlewares/ST/STM32_USB_Device_Library/Core/Src/usbd_ctlreq.o
 .text.USBD_SetConfig
                0x08008ebc      0x14c ./Middlewares/ST/STM32_USB_Device_Library/Core/Src/usbd_ctlreq.o
 .text.USBD_GetConfig
                0x08009008       0x6c ./Middlewares/ST/STM32_USB_Device_Library/Core/Src/usbd_ctlreq.o
 .text.USBD_GetStatus
                0x08009074       0x68 ./Middlewares/ST/STM32_USB_Device_Library/Core/Src/usbd_ctlreq.o
 .text.USBD_SetFeature
                0x080090dc       0x28 ./Middlewares/ST/STM32_USB_Device_Library/Core/Src/usbd_ctlreq.o
 .text.USBD_ClrFeature
                0x08009104       0x44 ./Middlewares/ST/STM32_USB_Device_Library/Core/Src/usbd_ctlreq.o
 .text.USBD_ParseSetupRequest
                0x08009148       0x74 ./Middlewares/ST/STM32_USB_Device_Library/Core/Src/usbd_ctlreq.o
                0x08009148                USBD_ParseSetupRequest
 .text.USBD_CtlError
                0x080091bc       0x22 ./Middlewares/ST/STM32_USB_Device_Library/Core/Src/usbd_ctlreq.o
                0x080091bc                USBD_CtlError
 .text.USBD_GetString
                0x080091de       0x8c ./Middlewares/ST/STM32_USB_Device_Library/Core/Src/usbd_ctlreq.o
                0x080091de                USBD_GetString
 .text.USBD_GetLen
                0x0800926a       0x34 ./Middlewares/ST/STM32_USB_Device_Library/Core/Src/usbd_ctlreq.o
 .text.USBD_CtlSendData
                0x0800929e       0x36 ./Middlewares/ST/STM32_USB_Device_Library/Core/Src/usbd_ioreq.o
                0x0800929e                USBD_CtlSendData
 .text.USBD_CtlContinueSendData
                0x080092d4       0x22 ./Middlewares/ST/STM32_USB_Device_Library/Core/Src/usbd_ioreq.o
                0x080092d4                USBD_CtlContinueSendData
 .text.USBD_CtlPrepareRx
                0x080092f6       0x3a ./Middlewares/ST/STM32_USB_Device_Library/Core/Src/usbd_ioreq.o
                0x080092f6                USBD_CtlPrepareRx
 .text.USBD_CtlContinueRx
                0x08009330       0x22 ./Middlewares/ST/STM32_USB_Device_Library/Core/Src/usbd_ioreq.o
                0x08009330                USBD_CtlContinueRx
 .text.USBD_CtlSendStatus
                0x08009352       0x26 ./Middlewares/ST/STM32_USB_Device_Library/Core/Src/usbd_ioreq.o
                0x08009352                USBD_CtlSendStatus
 .text.USBD_CtlReceiveStatus
                0x08009378       0x26 ./Middlewares/ST/STM32_USB_Device_Library/Core/Src/usbd_ioreq.o
                0x08009378                USBD_CtlReceiveStatus
 *fill*         0x0800939e        0x2 
 .text.MX_USB_Device_Init
                0x080093a0       0x60 ./USB_Device/App/usb_device.o
                0x080093a0                MX_USB_Device_Init
 .text.CDC_Init_FS
                0x08009400       0x28 ./USB_Device/App/usbd_cdc_if.o
 .text.CDC_DeInit_FS
                0x08009428       0x10 ./USB_Device/App/usbd_cdc_if.o
 .text.CDC_Control_FS
                0x08009438       0xbc ./USB_Device/App/usbd_cdc_if.o
 .text.CDC_Receive_FS
                0x080094f4       0x28 ./USB_Device/App/usbd_cdc_if.o
 .text.CDC_TransmitCplt_FS
                0x0800951c       0x22 ./USB_Device/App/usbd_cdc_if.o
 *fill*         0x0800953e        0x2 
 .text.USBD_CDC_DeviceDescriptor
                0x08009540       0x24 ./USB_Device/App/usbd_desc.o
                0x08009540                USBD_CDC_DeviceDescriptor
 .text.USBD_CDC_LangIDStrDescriptor
                0x08009564       0x24 ./USB_Device/App/usbd_desc.o
                0x08009564                USBD_CDC_LangIDStrDescriptor
 .text.USBD_CDC_ProductStrDescriptor
                0x08009588       0x3c ./USB_Device/App/usbd_desc.o
                0x08009588                USBD_CDC_ProductStrDescriptor
 .text.USBD_CDC_ManufacturerStrDescriptor
                0x080095c4       0x28 ./USB_Device/App/usbd_desc.o
                0x080095c4                USBD_CDC_ManufacturerStrDescriptor
 .text.USBD_CDC_SerialStrDescriptor
                0x080095ec       0x24 ./USB_Device/App/usbd_desc.o
                0x080095ec                USBD_CDC_SerialStrDescriptor
 .text.USBD_CDC_ConfigStrDescriptor
                0x08009610       0x3c ./USB_Device/App/usbd_desc.o
                0x08009610                USBD_CDC_ConfigStrDescriptor
 .text.USBD_CDC_InterfaceStrDescriptor
                0x0800964c       0x3c ./USB_Device/App/usbd_desc.o
                0x0800964c                USBD_CDC_InterfaceStrDescriptor
 .text.Get_SerialNum
                0x08009688       0x58 ./USB_Device/App/usbd_desc.o
 .text.IntToUnicode
                0x080096e0       0x7e ./USB_Device/App/usbd_desc.o
 *fill*         0x0800975e        0x2 
 .text.HAL_PCD_MspInit
                0x08009760       0x78 ./USB_Device/Target/usbd_conf.o
                0x08009760                HAL_PCD_MspInit
 .text.HAL_PCD_SetupStageCallback
                0x080097d8       0x24 ./USB_Device/Target/usbd_conf.o
                0x080097d8                HAL_PCD_SetupStageCallback
 .text.HAL_PCD_DataOutStageCallback
                0x080097fc       0x36 ./USB_Device/Target/usbd_conf.o
                0x080097fc                HAL_PCD_DataOutStageCallback
 .text.HAL_PCD_DataInStageCallback
                0x08009832       0x34 ./USB_Device/Target/usbd_conf.o
                0x08009832                HAL_PCD_DataInStageCallback
 .text.HAL_PCD_SOFCallback
                0x08009866       0x1c ./USB_Device/Target/usbd_conf.o
                0x08009866                HAL_PCD_SOFCallback
 .text.HAL_PCD_ResetCallback
                0x08009882       0x3c ./USB_Device/Target/usbd_conf.o
                0x08009882                HAL_PCD_ResetCallback
 *fill*         0x080098be        0x2 
 .text.HAL_PCD_SuspendCallback
                0x080098c0       0x34 ./USB_Device/Target/usbd_conf.o
                0x080098c0                HAL_PCD_SuspendCallback
 .text.HAL_PCD_ResumeCallback
                0x080098f4       0x38 ./USB_Device/Target/usbd_conf.o
                0x080098f4                HAL_PCD_ResumeCallback
 .text.USBD_LL_Init
                0x0800992c       0xc0 ./USB_Device/Target/usbd_conf.o
                0x0800992c                USBD_LL_Init
 .text.USBD_LL_Start
                0x080099ec       0x36 ./USB_Device/Target/usbd_conf.o
                0x080099ec                USBD_LL_Start
 .text.USBD_LL_OpenEP
                0x08009a22       0x4c ./USB_Device/Target/usbd_conf.o
                0x08009a22                USBD_LL_OpenEP
 .text.USBD_LL_CloseEP
                0x08009a6e       0x3e ./USB_Device/Target/usbd_conf.o
                0x08009a6e                USBD_LL_CloseEP
 .text.USBD_LL_StallEP
                0x08009aac       0x3e ./USB_Device/Target/usbd_conf.o
                0x08009aac                USBD_LL_StallEP
 .text.USBD_LL_ClearStallEP
                0x08009aea       0x3e ./USB_Device/Target/usbd_conf.o
                0x08009aea                USBD_LL_ClearStallEP
 .text.USBD_LL_IsStallEP
                0x08009b28       0x58 ./USB_Device/Target/usbd_conf.o
                0x08009b28                USBD_LL_IsStallEP
 .text.USBD_LL_SetUSBAddress
                0x08009b80       0x3e ./USB_Device/Target/usbd_conf.o
                0x08009b80                USBD_LL_SetUSBAddress
 .text.USBD_LL_Transmit
                0x08009bbe       0x42 ./USB_Device/Target/usbd_conf.o
                0x08009bbe                USBD_LL_Transmit
 .text.USBD_LL_PrepareReceive
                0x08009c00       0x42 ./USB_Device/Target/usbd_conf.o
                0x08009c00                USBD_LL_PrepareReceive
 .text.USBD_LL_GetRxDataSize
                0x08009c42       0x26 ./USB_Device/Target/usbd_conf.o
                0x08009c42                USBD_LL_GetRxDataSize
 .text.HAL_PCDEx_LPM_Callback
                0x08009c68       0x6c ./USB_Device/Target/usbd_conf.o
                0x08009c68                HAL_PCDEx_LPM_Callback
 .text.USBD_static_malloc
                0x08009cd4       0x1c ./USB_Device/Target/usbd_conf.o
                0x08009cd4                USBD_static_malloc
 .text.USBD_static_free
                0x08009cf0       0x14 ./USB_Device/Target/usbd_conf.o
                0x08009cf0                USBD_static_free
 .text.SystemClockConfig_Resume
                0x08009d04        0xc ./USB_Device/Target/usbd_conf.o
 .text.USBD_Get_USB_Status
                0x08009d10       0x58 ./USB_Device/Target/usbd_conf.o
 .text.empty_cb
                0x08009d68       0x68 ./src/CircularBuffer.o
                0x08009d68                empty_cb
 .text.updateIndices_cb
                0x08009dd0       0x96 ./src/CircularBuffer.o
                0x08009dd0                updateIndices_cb
 .text.initLoRa
                0x08009e66       0x2e ./src/LoRa.o
                0x08009e66                initLoRa
 .text.readConfigurationRegisters
                0x08009e94       0xbe ./src/LoRa.o
                0x08009e94                readConfigurationRegisters
 .text.receiveData
                0x08009f52       0x5c ./src/LoRa.o
                0x08009f52                receiveData
 *fill*         0x08009fae        0x2 
 .text.waitAUXPin
                0x08009fb0       0x54 ./src/LoRa.o
                0x08009fb0                waitAUXPin
 .text.writeProgramCommand
                0x0800a004       0x64 ./src/LoRa.o
                0x0800a004                writeProgramCommand
 .text.setMode  0x0800a068       0xd4 ./src/LoRa.o
                0x0800a068                setMode
 .text.initMainMCU
                0x0800a13c       0x30 ./src/MainMCU.o
                0x0800a13c                initMainMCU
 .text.mainLoop
                0x0800a16c       0x14 ./src/MainMCU.o
                0x0800a16c                mainLoop
 .text.initUART
                0x0800a180       0x3c ./src/UART.o
                0x0800a180                initUART
 .text.updateUART
                0x0800a1bc       0x5c ./src/UART.o
                0x0800a1bc                updateUART
 .text.attachDMAToUART
                0x0800a218       0x28 ./src/UART.o
                0x0800a218                attachDMAToUART
 .text.HAL_UARTEx_RxEventCallback
                0x0800a240       0x48 ./src/UART.o
                0x0800a240                HAL_UARTEx_RxEventCallback
 .text.HAL_UART_TxCpltCallback
                0x0800a288       0x44 ./src/UART.o
                0x0800a288                HAL_UART_TxCpltCallback
 .text.HAL_UART_ErrorCallback
                0x0800a2cc       0x68 ./src/UART.o
                0x0800a2cc                HAL_UART_ErrorCallback
 .text.memset   0x0800a334       0x10 C:/ST/STM32CubeIDE_1.16.1/STM32CubeIDE/plugins/com.st.stm32cube.ide.mcu.externaltools.gnu-tools-for-stm32.13.3.rel1.win32_1.0.0.202411081344/tools/bin/../lib/gcc/arm-none-eabi/13.3.1/../../../../arm-none-eabi/lib/thumb/v7e-m+fp/hard\libc_nano.a(libc_a-memset.o)
                0x0800a334                memset
 .text.__libc_init_array
                0x0800a344       0x48 C:/ST/STM32CubeIDE_1.16.1/STM32CubeIDE/plugins/com.st.stm32cube.ide.mcu.externaltools.gnu-tools-for-stm32.13.3.rel1.win32_1.0.0.202411081344/tools/bin/../lib/gcc/arm-none-eabi/13.3.1/../../../../arm-none-eabi/lib/thumb/v7e-m+fp/hard\libc_nano.a(libc_a-init.o)
                0x0800a344                __libc_init_array
 *(.glue_7)
 .glue_7        0x0800a38c        0x0 linker stubs
 *(.glue_7t)
 .glue_7t       0x0800a38c        0x0 linker stubs
 *(.eh_frame)
 .eh_frame      0x0800a38c        0x0 C:/ST/STM32CubeIDE_1.16.1/STM32CubeIDE/plugins/com.st.stm32cube.ide.mcu.externaltools.gnu-tools-for-stm32.13.3.rel1.win32_1.0.0.202411081344/tools/bin/../lib/gcc/arm-none-eabi/13.3.1/thumb/v7e-m+fp/hard/crtbegin.o
 *(.init)
 .init          0x0800a38c        0x4 C:/ST/STM32CubeIDE_1.16.1/STM32CubeIDE/plugins/com.st.stm32cube.ide.mcu.externaltools.gnu-tools-for-stm32.13.3.rel1.win32_1.0.0.202411081344/tools/bin/../lib/gcc/arm-none-eabi/13.3.1/thumb/v7e-m+fp/hard/crti.o
                0x0800a38c                _init
 .init          0x0800a390        0x8 C:/ST/STM32CubeIDE_1.16.1/STM32CubeIDE/plugins/com.st.stm32cube.ide.mcu.externaltools.gnu-tools-for-stm32.13.3.rel1.win32_1.0.0.202411081344/tools/bin/../lib/gcc/arm-none-eabi/13.3.1/thumb/v7e-m+fp/hard/crtn.o
 *(.fini)
 .fini          0x0800a398        0x4 C:/ST/STM32CubeIDE_1.16.1/STM32CubeIDE/plugins/com.st.stm32cube.ide.mcu.externaltools.gnu-tools-for-stm32.13.3.rel1.win32_1.0.0.202411081344/tools/bin/../lib/gcc/arm-none-eabi/13.3.1/thumb/v7e-m+fp/hard/crti.o
                0x0800a398                _fini
 .fini          0x0800a39c        0x8 C:/ST/STM32CubeIDE_1.16.1/STM32CubeIDE/plugins/com.st.stm32cube.ide.mcu.externaltools.gnu-tools-for-stm32.13.3.rel1.win32_1.0.0.202411081344/tools/bin/../lib/gcc/arm-none-eabi/13.3.1/thumb/v7e-m+fp/hard/crtn.o
                0x0800a3a4                        . = ALIGN (0x4)
                0x0800a3a4                        _etext = .

.vfp11_veneer   0x0800a3a4        0x0
 .vfp11_veneer  0x0800a3a4        0x0 linker stubs

.v4_bx          0x0800a3a4        0x0
 .v4_bx         0x0800a3a4        0x0 linker stubs

.iplt           0x0800a3a4        0x0
 .iplt          0x0800a3a4        0x0 C:/ST/STM32CubeIDE_1.16.1/STM32CubeIDE/plugins/com.st.stm32cube.ide.mcu.externaltools.gnu-tools-for-stm32.13.3.rel1.win32_1.0.0.202411081344/tools/bin/../lib/gcc/arm-none-eabi/13.3.1/thumb/v7e-m+fp/hard/crtbegin.o

.rodata         0x0800a3a4       0x88
                0x0800a3a4                        . = ALIGN (0x4)
 *(.rodata)
 .rodata        0x0800a3a4       0x46 ./USB_Device/App/usbd_desc.o
 *(.rodata*)
 *fill*         0x0800a3ea        0x2 
 .rodata.AHBPrescTable
                0x0800a3ec       0x10 ./Core/Src/system_stm32g4xx.o
                0x0800a3ec                AHBPrescTable
 .rodata.APBPrescTable
                0x0800a3fc        0x8 ./Core/Src/system_stm32g4xx.o
                0x0800a3fc                APBPrescTable
 .rodata.UARTPrescTable
                0x0800a404       0x18 ./Drivers/STM32G4xx_HAL_Driver/Src/stm32g4xx_hal_uart.o
                0x0800a404                UARTPrescTable
 .rodata.numerator.1
                0x0800a41c        0x8 ./Drivers/STM32G4xx_HAL_Driver/Src/stm32g4xx_hal_uart_ex.o
 .rodata.denominator.0
                0x0800a424        0x8 ./Drivers/STM32G4xx_HAL_Driver/Src/stm32g4xx_hal_uart_ex.o
                0x0800a42c                        . = ALIGN (0x4)

.ARM.extab      0x0800a42c        0x0
                0x0800a42c                        . = ALIGN (0x4)
 *(.ARM.extab* .gnu.linkonce.armextab.*)
                0x0800a42c                        . = ALIGN (0x4)

.ARM            0x0800a42c        0x8
                0x0800a42c                        . = ALIGN (0x4)
                0x0800a42c                        __exidx_start = .
 *(.ARM.exidx*)
 .ARM.exidx     0x0800a42c        0x8 C:/ST/STM32CubeIDE_1.16.1/STM32CubeIDE/plugins/com.st.stm32cube.ide.mcu.externaltools.gnu-tools-for-stm32.13.3.rel1.win32_1.0.0.202411081344/tools/bin/../lib/gcc/arm-none-eabi/13.3.1/thumb/v7e-m+fp/hard\libgcc.a(_udivmoddi4.o)
                0x0800a434                        __exidx_end = .
                0x0800a434                        . = ALIGN (0x4)

.preinit_array  0x0800a434        0x0
                0x0800a434                        . = ALIGN (0x4)
                0x0800a434                        PROVIDE (__preinit_array_start = .)
 *(.preinit_array*)
                0x0800a434                        PROVIDE (__preinit_array_end = .)
                0x0800a434                        . = ALIGN (0x4)

.init_array     0x0800a434        0x4
                0x0800a434                        . = ALIGN (0x4)
                0x0800a434                        PROVIDE (__init_array_start = .)
 *(SORT_BY_NAME(.init_array.*))
 *(.init_array*)
 .init_array    0x0800a434        0x4 C:/ST/STM32CubeIDE_1.16.1/STM32CubeIDE/plugins/com.st.stm32cube.ide.mcu.externaltools.gnu-tools-for-stm32.13.3.rel1.win32_1.0.0.202411081344/tools/bin/../lib/gcc/arm-none-eabi/13.3.1/thumb/v7e-m+fp/hard/crtbegin.o
                0x0800a438                        PROVIDE (__init_array_end = .)
                0x0800a438                        . = ALIGN (0x4)

.fini_array     0x0800a438        0x4
                0x0800a438                        . = ALIGN (0x4)
                [!provide]                        PROVIDE (__fini_array_start = .)
 *(SORT_BY_NAME(.fini_array.*))
 *(.fini_array*)
 .fini_array    0x0800a438        0x4 C:/ST/STM32CubeIDE_1.16.1/STM32CubeIDE/plugins/com.st.stm32cube.ide.mcu.externaltools.gnu-tools-for-stm32.13.3.rel1.win32_1.0.0.202411081344/tools/bin/../lib/gcc/arm-none-eabi/13.3.1/thumb/v7e-m+fp/hard/crtbegin.o
                [!provide]                        PROVIDE (__fini_array_end = .)
                0x0800a43c                        . = ALIGN (0x4)
                0x0800a43c                        _sidata = LOADADDR (.data)

.rel.dyn        0x0800a43c        0x0
 .rel.iplt      0x0800a43c        0x0 C:/ST/STM32CubeIDE_1.16.1/STM32CubeIDE/plugins/com.st.stm32cube.ide.mcu.externaltools.gnu-tools-for-stm32.13.3.rel1.win32_1.0.0.202411081344/tools/bin/../lib/gcc/arm-none-eabi/13.3.1/thumb/v7e-m+fp/hard/crtbegin.o

.data           0x20000000      0x184 load address 0x0800a43c
                0x20000000                        . = ALIGN (0x4)
                0x20000000                        _sdata = .
 *(.data)
 *(.data*)
 .data.SystemCoreClock
                0x20000000        0x4 ./Core/Src/system_stm32g4xx.o
                0x20000000                SystemCoreClock
 .data.uwTickPrio
                0x20000004        0x4 ./Drivers/STM32G4xx_HAL_Driver/Src/stm32g4xx_hal.o
                0x20000004                uwTickPrio
 .data.uwTickFreq
                0x20000008        0x4 ./Drivers/STM32G4xx_HAL_Driver/Src/stm32g4xx_hal.o
                0x20000008                uwTickFreq
 .data.USBD_CDC_DeviceQualifierDesc
                0x2000000c        0xa ./Middlewares/ST/STM32_USB_Device_Library/Class/CDC/Src/usbd_cdc.o
 *fill*         0x20000016        0x2 
 .data.USBD_CDC
                0x20000018       0x38 ./Middlewares/ST/STM32_USB_Device_Library/Class/CDC/Src/usbd_cdc.o
                0x20000018                USBD_CDC
 .data.USBD_CDC_CfgHSDesc
                0x20000050       0x43 ./Middlewares/ST/STM32_USB_Device_Library/Class/CDC/Src/usbd_cdc.o
 *fill*         0x20000093        0x1 
 .data.USBD_CDC_CfgFSDesc
                0x20000094       0x43 ./Middlewares/ST/STM32_USB_Device_Library/Class/CDC/Src/usbd_cdc.o
 *fill*         0x200000d7        0x1 
 .data.USBD_CDC_OtherSpeedCfgDesc
                0x200000d8       0x43 ./Middlewares/ST/STM32_USB_Device_Library/Class/CDC/Src/usbd_cdc.o
 *fill*         0x2000011b        0x1 
 .data.USBD_Interface_fops_FS
                0x2000011c       0x14 ./USB_Device/App/usbd_cdc_if.o
                0x2000011c                USBD_Interface_fops_FS
 .data.CDC_Desc
                0x20000130       0x20 ./USB_Device/App/usbd_desc.o
                0x20000130                CDC_Desc
 .data.USBD_CDC_DeviceDesc
                0x20000150       0x12 ./USB_Device/App/usbd_desc.o
                0x20000150                USBD_CDC_DeviceDesc
 *fill*         0x20000162        0x2 
 .data.USBD_LangIDDesc
                0x20000164        0x4 ./USB_Device/App/usbd_desc.o
                0x20000164                USBD_LangIDDesc
 .data.USBD_StringSerial
                0x20000168       0x1a ./USB_Device/App/usbd_desc.o
                0x20000168                USBD_StringSerial
 *(.RamFunc)
 *(.RamFunc*)
                0x20000184                        . = ALIGN (0x4)
 *fill*         0x20000182        0x2 
                0x20000184                        _edata = .

.igot.plt       0x20000184        0x0 load address 0x0800a5c0
 .igot.plt      0x20000184        0x0 C:/ST/STM32CubeIDE_1.16.1/STM32CubeIDE/plugins/com.st.stm32cube.ide.mcu.externaltools.gnu-tools-for-stm32.13.3.rel1.win32_1.0.0.202411081344/tools/bin/../lib/gcc/arm-none-eabi/13.3.1/thumb/v7e-m+fp/hard/crtbegin.o
                0x20000184                        . = ALIGN (0x4)

.bss            0x20000184     0x1838 load address 0x0800a5c0
                0x20000184                        _sbss = .
                0x20000184                        __bss_start__ = _sbss
 *(.bss)
 .bss           0x20000184       0x1c C:/ST/STM32CubeIDE_1.16.1/STM32CubeIDE/plugins/com.st.stm32cube.ide.mcu.externaltools.gnu-tools-for-stm32.13.3.rel1.win32_1.0.0.202411081344/tools/bin/../lib/gcc/arm-none-eabi/13.3.1/thumb/v7e-m+fp/hard/crtbegin.o
 *(.bss*)
 .bss.huart1    0x200001a0       0x94 ./Core/Src/main.o
                0x200001a0                huart1
 .bss.hdma_usart1_rx
                0x20000234       0x60 ./Core/Src/main.o
                0x20000234                hdma_usart1_rx
 .bss.hdma_usart1_tx
                0x20000294       0x60 ./Core/Src/main.o
                0x20000294                hdma_usart1_tx
 .bss.uwTick    0x200002f4        0x4 ./Drivers/STM32G4xx_HAL_Driver/Src/stm32g4xx_hal.o
                0x200002f4                uwTick
 .bss.cfgidx.0  0x200002f8        0x1 ./Middlewares/ST/STM32_USB_Device_Library/Core/Src/usbd_ctlreq.o
 *fill*         0x200002f9        0x3 
 .bss.hUsbDeviceFS
                0x200002fc      0x2d0 ./USB_Device/App/usb_device.o
                0x200002fc                hUsbDeviceFS
 .bss.UserRxBufferFS
                0x200005cc      0x400 ./USB_Device/App/usbd_cdc_if.o
                0x200005cc                UserRxBufferFS
 .bss.UserTxBufferFS
                0x200009cc      0x400 ./USB_Device/App/usbd_cdc_if.o
                0x200009cc                UserTxBufferFS
 .bss.USBD_StrDesc
                0x20000dcc      0x200 ./USB_Device/App/usbd_desc.o
                0x20000dcc                USBD_StrDesc
 .bss.hpcd_USB_FS
                0x20000fcc      0x2dc ./USB_Device/Target/usbd_conf.o
                0x20000fcc                hpcd_USB_FS
 .bss.mem.0     0x200012a8      0x220 ./USB_Device/Target/usbd_conf.o
 .bss.mcu       0x200014c8      0x4f4 ./src/MainMCU.o
                0x200014c8                mcu
 *(COMMON)
                0x200019bc                        . = ALIGN (0x4)
                0x200019bc                        _ebss = .
                0x200019bc                        __bss_end__ = _ebss

._user_heap_stack
                0x200019bc      0x604 load address 0x0800a5c0
                0x200019c0                        . = ALIGN (0x8)
 *fill*         0x200019bc        0x4 
                [!provide]                        PROVIDE (end = .)
                0x200019c0                        PROVIDE (_end = .)
                0x20001bc0                        . = (. + _Min_Heap_Size)
 *fill*         0x200019c0      0x200 
                0x20001fc0                        . = (. + _Min_Stack_Size)
 *fill*         0x20001bc0      0x400 
                0x20001fc0                        . = ALIGN (0x8)

/DISCARD/
 libc.a(*)
 libm.a(*)
 libgcc.a(*)

.ARM.attributes
                0x00000000       0x30
 *(.ARM.attributes)
 .ARM.attributes
                0x00000000       0x22 C:/ST/STM32CubeIDE_1.16.1/STM32CubeIDE/plugins/com.st.stm32cube.ide.mcu.externaltools.gnu-tools-for-stm32.13.3.rel1.win32_1.0.0.202411081344/tools/bin/../lib/gcc/arm-none-eabi/13.3.1/thumb/v7e-m+fp/hard/crti.o
 .ARM.attributes
                0x00000022       0x34 C:/ST/STM32CubeIDE_1.16.1/STM32CubeIDE/plugins/com.st.stm32cube.ide.mcu.externaltools.gnu-tools-for-stm32.13.3.rel1.win32_1.0.0.202411081344/tools/bin/../lib/gcc/arm-none-eabi/13.3.1/thumb/v7e-m+fp/hard/crtbegin.o
 .ARM.attributes
                0x00000056       0x34 ./Core/Src/main.o
 .ARM.attributes
                0x0000008a       0x34 ./Core/Src/stm32g4xx_hal_msp.o
 .ARM.attributes
                0x000000be       0x34 ./Core/Src/stm32g4xx_it.o
 .ARM.attributes
                0x000000f2       0x34 ./Core/Src/system_stm32g4xx.o
 .ARM.attributes
                0x00000126       0x21 ./Core/Startup/startup_stm32g431cbux.o
 .ARM.attributes
                0x00000147       0x34 ./Drivers/STM32G4xx_HAL_Driver/Src/stm32g4xx_hal.o
 .ARM.attributes
                0x0000017b       0x34 ./Drivers/STM32G4xx_HAL_Driver/Src/stm32g4xx_hal_cortex.o
 .ARM.attributes
                0x000001af       0x34 ./Drivers/STM32G4xx_HAL_Driver/Src/stm32g4xx_hal_dma.o
 .ARM.attributes
                0x000001e3       0x34 ./Drivers/STM32G4xx_HAL_Driver/Src/stm32g4xx_hal_gpio.o
 .ARM.attributes
                0x00000217       0x34 ./Drivers/STM32G4xx_HAL_Driver/Src/stm32g4xx_hal_pcd.o
 .ARM.attributes
                0x0000024b       0x34 ./Drivers/STM32G4xx_HAL_Driver/Src/stm32g4xx_hal_pcd_ex.o
 .ARM.attributes
                0x0000027f       0x34 ./Drivers/STM32G4xx_HAL_Driver/Src/stm32g4xx_hal_pwr_ex.o
 .ARM.attributes
                0x000002b3       0x34 ./Drivers/STM32G4xx_HAL_Driver/Src/stm32g4xx_hal_rcc.o
 .ARM.attributes
                0x000002e7       0x34 ./Drivers/STM32G4xx_HAL_Driver/Src/stm32g4xx_hal_rcc_ex.o
 .ARM.attributes
                0x0000031b       0x34 ./Drivers/STM32G4xx_HAL_Driver/Src/stm32g4xx_hal_uart.o
 .ARM.attributes
                0x0000034f       0x34 ./Drivers/STM32G4xx_HAL_Driver/Src/stm32g4xx_hal_uart_ex.o
 .ARM.attributes
                0x00000383       0x34 ./Drivers/STM32G4xx_HAL_Driver/Src/stm32g4xx_ll_usb.o
 .ARM.attributes
                0x000003b7       0x34 ./Middlewares/ST/STM32_USB_Device_Library/Class/CDC/Src/usbd_cdc.o
 .ARM.attributes
                0x000003eb       0x34 ./Middlewares/ST/STM32_USB_Device_Library/Core/Src/usbd_core.o
 .ARM.attributes
                0x0000041f       0x34 ./Middlewares/ST/STM32_USB_Device_Library/Core/Src/usbd_ctlreq.o
 .ARM.attributes
                0x00000453       0x34 ./Middlewares/ST/STM32_USB_Device_Library/Core/Src/usbd_ioreq.o
 .ARM.attributes
                0x00000487       0x34 ./USB_Device/App/usb_device.o
 .ARM.attributes
                0x000004bb       0x34 ./USB_Device/App/usbd_cdc_if.o
 .ARM.attributes
                0x000004ef       0x34 ./USB_Device/App/usbd_desc.o
 .ARM.attributes
                0x00000523       0x34 ./USB_Device/Target/usbd_conf.o
 .ARM.attributes
                0x00000557       0x34 ./src/CircularBuffer.o
 .ARM.attributes
                0x0000058b       0x34 ./src/LoRa.o
 .ARM.attributes
                0x000005bf       0x34 ./src/MainMCU.o
 .ARM.attributes
                0x000005f3       0x34 ./src/UART.o
 .ARM.attributes
                0x00000627       0x34 C:/ST/STM32CubeIDE_1.16.1/STM32CubeIDE/plugins/com.st.stm32cube.ide.mcu.externaltools.gnu-tools-for-stm32.13.3.rel1.win32_1.0.0.202411081344/tools/bin/../lib/gcc/arm-none-eabi/13.3.1/../../../../arm-none-eabi/lib/thumb/v7e-m+fp/hard\libc_nano.a(libc_a-memset.o)
 .ARM.attributes
                0x0000065b       0x34 C:/ST/STM32CubeIDE_1.16.1/STM32CubeIDE/plugins/com.st.stm32cube.ide.mcu.externaltools.gnu-tools-for-stm32.13.3.rel1.win32_1.0.0.202411081344/tools/bin/../lib/gcc/arm-none-eabi/13.3.1/../../../../arm-none-eabi/lib/thumb/v7e-m+fp/hard\libc_nano.a(libc_a-init.o)
 .ARM.attributes
                0x0000068f       0x22 C:/ST/STM32CubeIDE_1.16.1/STM32CubeIDE/plugins/com.st.stm32cube.ide.mcu.externaltools.gnu-tools-for-stm32.13.3.rel1.win32_1.0.0.202411081344/tools/bin/../lib/gcc/arm-none-eabi/13.3.1/thumb/v7e-m+fp/hard\libgcc.a(_aeabi_uldivmod.o)
 .ARM.attributes
                0x000006b1       0x34 C:/ST/STM32CubeIDE_1.16.1/STM32CubeIDE/plugins/com.st.stm32cube.ide.mcu.externaltools.gnu-tools-for-stm32.13.3.rel1.win32_1.0.0.202411081344/tools/bin/../lib/gcc/arm-none-eabi/13.3.1/thumb/v7e-m+fp/hard\libgcc.a(_udivmoddi4.o)
 .ARM.attributes
                0x000006e5       0x22 C:/ST/STM32CubeIDE_1.16.1/STM32CubeIDE/plugins/com.st.stm32cube.ide.mcu.externaltools.gnu-tools-for-stm32.13.3.rel1.win32_1.0.0.202411081344/tools/bin/../lib/gcc/arm-none-eabi/13.3.1/thumb/v7e-m+fp/hard\libgcc.a(_dvmd_tls.o)
 .ARM.attributes
                0x00000707       0x22 C:/ST/STM32CubeIDE_1.16.1/STM32CubeIDE/plugins/com.st.stm32cube.ide.mcu.externaltools.gnu-tools-for-stm32.13.3.rel1.win32_1.0.0.202411081344/tools/bin/../lib/gcc/arm-none-eabi/13.3.1/thumb/v7e-m+fp/hard/crtn.o
OUTPUT(E220_900T22D_STM32_2.elf elf32-littlearm)
LOAD linker stubs
LOAD C:/ST/STM32CubeIDE_1.16.1/STM32CubeIDE/plugins/com.st.stm32cube.ide.mcu.externaltools.gnu-tools-for-stm32.13.3.rel1.win32_1.0.0.202411081344/tools/bin/../lib/gcc/arm-none-eabi/13.3.1/../../../../arm-none-eabi/lib/thumb/v7e-m+fp/hard\libc.a
LOAD C:/ST/STM32CubeIDE_1.16.1/STM32CubeIDE/plugins/com.st.stm32cube.ide.mcu.externaltools.gnu-tools-for-stm32.13.3.rel1.win32_1.0.0.202411081344/tools/bin/../lib/gcc/arm-none-eabi/13.3.1/../../../../arm-none-eabi/lib/thumb/v7e-m+fp/hard\libm.a
LOAD C:/ST/STM32CubeIDE_1.16.1/STM32CubeIDE/plugins/com.st.stm32cube.ide.mcu.externaltools.gnu-tools-for-stm32.13.3.rel1.win32_1.0.0.202411081344/tools/bin/../lib/gcc/arm-none-eabi/13.3.1/thumb/v7e-m+fp/hard\libgcc.a

.debug_info     0x00000000    0x19d5f
 .debug_info    0x00000000     0x117c ./Core/Src/main.o
 .debug_info    0x0000117c      0xfb4 ./Core/Src/stm32g4xx_hal_msp.o
 .debug_info    0x00002130      0xd6f ./Core/Src/stm32g4xx_it.o
 .debug_info    0x00002e9f      0x58e ./Core/Src/system_stm32g4xx.o
 .debug_info    0x0000342d       0x30 ./Core/Startup/startup_stm32g431cbux.o
 .debug_info    0x0000345d      0xadb ./Drivers/STM32G4xx_HAL_Driver/Src/stm32g4xx_hal.o
 .debug_info    0x00003f38      0xd3f ./Drivers/STM32G4xx_HAL_Driver/Src/stm32g4xx_hal_cortex.o
 .debug_info    0x00004c77      0x85f ./Drivers/STM32G4xx_HAL_Driver/Src/stm32g4xx_hal_dma.o
 .debug_info    0x000054d6      0x763 ./Drivers/STM32G4xx_HAL_Driver/Src/stm32g4xx_hal_gpio.o
 .debug_info    0x00005c39     0x1610 ./Drivers/STM32G4xx_HAL_Driver/Src/stm32g4xx_hal_pcd.o
 .debug_info    0x00007249      0x80a ./Drivers/STM32G4xx_HAL_Driver/Src/stm32g4xx_hal_pcd_ex.o
 .debug_info    0x00007a53      0x93f ./Drivers/STM32G4xx_HAL_Driver/Src/stm32g4xx_hal_pwr_ex.o
 .debug_info    0x00008392      0xb82 ./Drivers/STM32G4xx_HAL_Driver/Src/stm32g4xx_hal_rcc.o
 .debug_info    0x00008f14      0xc15 ./Drivers/STM32G4xx_HAL_Driver/Src/stm32g4xx_hal_rcc_ex.o
 .debug_info    0x00009b29     0x481e ./Drivers/STM32G4xx_HAL_Driver/Src/stm32g4xx_hal_uart.o
 .debug_info    0x0000e347      0xfdd ./Drivers/STM32G4xx_HAL_Driver/Src/stm32g4xx_hal_uart_ex.o
 .debug_info    0x0000f324     0x1577 ./Drivers/STM32G4xx_HAL_Driver/Src/stm32g4xx_ll_usb.o
 .debug_info    0x0001089b     0x1124 ./Middlewares/ST/STM32_USB_Device_Library/Class/CDC/Src/usbd_cdc.o
 .debug_info    0x000119bf      0xb1b ./Middlewares/ST/STM32_USB_Device_Library/Core/Src/usbd_core.o
 .debug_info    0x000124da      0xa57 ./Middlewares/ST/STM32_USB_Device_Library/Core/Src/usbd_ctlreq.o
 .debug_info    0x00012f31      0x720 ./Middlewares/ST/STM32_USB_Device_Library/Core/Src/usbd_ioreq.o
 .debug_info    0x00013651      0x6d7 ./USB_Device/App/usb_device.o
 .debug_info    0x00013d28      0x8be ./USB_Device/App/usbd_cdc_if.o
 .debug_info    0x000145e6      0x45f ./USB_Device/App/usbd_desc.o
 .debug_info    0x00014a45     0x1cbc ./USB_Device/Target/usbd_conf.o
 .debug_info    0x00016701      0x410 ./src/CircularBuffer.o
 .debug_info    0x00016b11     0x1499 ./src/LoRa.o
 .debug_info    0x00017faa      0xe26 ./src/MainMCU.o
 .debug_info    0x00018dd0      0xf8f ./src/UART.o

.debug_abbrev   0x00000000     0x405a
 .debug_abbrev  0x00000000      0x2b9 ./Core/Src/main.o
 .debug_abbrev  0x000002b9      0x200 ./Core/Src/stm32g4xx_hal_msp.o
 .debug_abbrev  0x000004b9      0x1b6 ./Core/Src/stm32g4xx_it.o
 .debug_abbrev  0x0000066f      0x11a ./Core/Src/system_stm32g4xx.o
 .debug_abbrev  0x00000789       0x24 ./Core/Startup/startup_stm32g431cbux.o
 .debug_abbrev  0x000007ad      0x271 ./Drivers/STM32G4xx_HAL_Driver/Src/stm32g4xx_hal.o
 .debug_abbrev  0x00000a1e      0x31c ./Drivers/STM32G4xx_HAL_Driver/Src/stm32g4xx_hal_cortex.o
 .debug_abbrev  0x00000d3a      0x1e2 ./Drivers/STM32G4xx_HAL_Driver/Src/stm32g4xx_hal_dma.o
 .debug_abbrev  0x00000f1c      0x1cb ./Drivers/STM32G4xx_HAL_Driver/Src/stm32g4xx_hal_gpio.o
 .debug_abbrev  0x000010e7      0x2b9 ./Drivers/STM32G4xx_HAL_Driver/Src/stm32g4xx_hal_pcd.o
 .debug_abbrev  0x000013a0      0x228 ./Drivers/STM32G4xx_HAL_Driver/Src/stm32g4xx_hal_pcd_ex.o
 .debug_abbrev  0x000015c8      0x22c ./Drivers/STM32G4xx_HAL_Driver/Src/stm32g4xx_hal_pwr_ex.o
 .debug_abbrev  0x000017f4      0x2c9 ./Drivers/STM32G4xx_HAL_Driver/Src/stm32g4xx_hal_rcc.o
 .debug_abbrev  0x00001abd      0x258 ./Drivers/STM32G4xx_HAL_Driver/Src/stm32g4xx_hal_rcc_ex.o
 .debug_abbrev  0x00001d15      0x304 ./Drivers/STM32G4xx_HAL_Driver/Src/stm32g4xx_hal_uart.o
 .debug_abbrev  0x00002019      0x2d2 ./Drivers/STM32G4xx_HAL_Driver/Src/stm32g4xx_hal_uart_ex.o
 .debug_abbrev  0x000022eb      0x247 ./Drivers/STM32G4xx_HAL_Driver/Src/stm32g4xx_ll_usb.o
 .debug_abbrev  0x00002532      0x2bc ./Middlewares/ST/STM32_USB_Device_Library/Class/CDC/Src/usbd_cdc.o
 .debug_abbrev  0x000027ee      0x24f ./Middlewares/ST/STM32_USB_Device_Library/Core/Src/usbd_core.o
 .debug_abbrev  0x00002a3d      0x27e ./Middlewares/ST/STM32_USB_Device_Library/Core/Src/usbd_ctlreq.o
 .debug_abbrev  0x00002cbb      0x1a9 ./Middlewares/ST/STM32_USB_Device_Library/Core/Src/usbd_ioreq.o
 .debug_abbrev  0x00002e64      0x1a4 ./USB_Device/App/usb_device.o
 .debug_abbrev  0x00003008      0x2ad ./USB_Device/App/usbd_cdc_if.o
 .debug_abbrev  0x000032b5      0x20e ./USB_Device/App/usbd_desc.o
 .debug_abbrev  0x000034c3      0x32c ./USB_Device/Target/usbd_conf.o
 .debug_abbrev  0x000037ef      0x192 ./src/CircularBuffer.o
 .debug_abbrev  0x00003981      0x28f ./src/LoRa.o
 .debug_abbrev  0x00003c10      0x1fc ./src/MainMCU.o
 .debug_abbrev  0x00003e0c      0x24e ./src/UART.o

.debug_aranges  0x00000000     0x11d8
 .debug_aranges
                0x00000000       0x48 ./Core/Src/main.o
 .debug_aranges
                0x00000048       0x30 ./Core/Src/stm32g4xx_hal_msp.o
 .debug_aranges
                0x00000078       0x80 ./Core/Src/stm32g4xx_it.o
 .debug_aranges
                0x000000f8       0x28 ./Core/Src/system_stm32g4xx.o
 .debug_aranges
                0x00000120       0x28 ./Core/Startup/startup_stm32g431cbux.o
 .debug_aranges
                0x00000148      0x148 ./Drivers/STM32G4xx_HAL_Driver/Src/stm32g4xx_hal.o
 .debug_aranges
                0x00000290      0x128 ./Drivers/STM32G4xx_HAL_Driver/Src/stm32g4xx_hal_cortex.o
 .debug_aranges
                0x000003b8       0x90 ./Drivers/STM32G4xx_HAL_Driver/Src/stm32g4xx_hal_dma.o
 .debug_aranges
                0x00000448       0x58 ./Drivers/STM32G4xx_HAL_Driver/Src/stm32g4xx_hal_gpio.o
 .debug_aranges
                0x000004a0      0x138 ./Drivers/STM32G4xx_HAL_Driver/Src/stm32g4xx_hal_pcd.o
 .debug_aranges
                0x000005d8       0x58 ./Drivers/STM32G4xx_HAL_Driver/Src/stm32g4xx_hal_pcd_ex.o
 .debug_aranges
                0x00000630      0x140 ./Drivers/STM32G4xx_HAL_Driver/Src/stm32g4xx_hal_pwr_ex.o
 .debug_aranges
                0x00000770       0x98 ./Drivers/STM32G4xx_HAL_Driver/Src/stm32g4xx_hal_rcc.o
 .debug_aranges
                0x00000808       0xb0 ./Drivers/STM32G4xx_HAL_Driver/Src/stm32g4xx_hal_rcc_ex.o
 .debug_aranges
                0x000008b8      0x248 ./Drivers/STM32G4xx_HAL_Driver/Src/stm32g4xx_hal_uart.o
 .debug_aranges
                0x00000b00       0xa8 ./Drivers/STM32G4xx_HAL_Driver/Src/stm32g4xx_hal_uart_ex.o
 .debug_aranges
                0x00000ba8       0xc8 ./Drivers/STM32G4xx_HAL_Driver/Src/stm32g4xx_ll_usb.o
 .debug_aranges
                0x00000c70       0x90 ./Middlewares/ST/STM32_USB_Device_Library/Class/CDC/Src/usbd_cdc.o
 .debug_aranges
                0x00000d00       0xb8 ./Middlewares/ST/STM32_USB_Device_Library/Core/Src/usbd_core.o
 .debug_aranges
                0x00000db8       0x90 ./Middlewares/ST/STM32_USB_Device_Library/Core/Src/usbd_ctlreq.o
 .debug_aranges
                0x00000e48       0x50 ./Middlewares/ST/STM32_USB_Device_Library/Core/Src/usbd_ioreq.o
 .debug_aranges
                0x00000e98       0x20 ./USB_Device/App/usb_device.o
 .debug_aranges
                0x00000eb8       0x48 ./USB_Device/App/usbd_cdc_if.o
 .debug_aranges
                0x00000f00       0x60 ./USB_Device/App/usbd_desc.o
 .debug_aranges
                0x00000f60      0x120 ./USB_Device/Target/usbd_conf.o
 .debug_aranges
                0x00001080       0x68 ./src/CircularBuffer.o
 .debug_aranges
                0x000010e8       0x78 ./src/LoRa.o
 .debug_aranges
                0x00001160       0x28 ./src/MainMCU.o
 .debug_aranges
                0x00001188       0x50 ./src/UART.o

.debug_rnglists
                0x00000000      0xd73
 .debug_rnglists
                0x00000000       0x34 ./Core/Src/main.o
 .debug_rnglists
                0x00000034       0x20 ./Core/Src/stm32g4xx_hal_msp.o
 .debug_rnglists
                0x00000054       0x5b ./Core/Src/stm32g4xx_it.o
 .debug_rnglists
                0x000000af       0x1a ./Core/Src/system_stm32g4xx.o
 .debug_rnglists
                0x000000c9       0x19 ./Core/Startup/startup_stm32g431cbux.o
 .debug_rnglists
                0x000000e2       0xf1 ./Drivers/STM32G4xx_HAL_Driver/Src/stm32g4xx_hal.o
 .debug_rnglists
                0x000001d3       0xda ./Drivers/STM32G4xx_HAL_Driver/Src/stm32g4xx_hal_cortex.o
 .debug_rnglists
                0x000002ad       0x71 ./Drivers/STM32G4xx_HAL_Driver/Src/stm32g4xx_hal_dma.o
 .debug_rnglists
                0x0000031e       0x3f ./Drivers/STM32G4xx_HAL_Driver/Src/stm32g4xx_hal_gpio.o
 .debug_rnglists
                0x0000035d       0xee ./Drivers/STM32G4xx_HAL_Driver/Src/stm32g4xx_hal_pcd.o
 .debug_rnglists
                0x0000044b       0x3f ./Drivers/STM32G4xx_HAL_Driver/Src/stm32g4xx_hal_pcd_ex.o
 .debug_rnglists
                0x0000048a       0xf1 ./Drivers/STM32G4xx_HAL_Driver/Src/stm32g4xx_hal_pwr_ex.o
 .debug_rnglists
                0x0000057b       0x74 ./Drivers/STM32G4xx_HAL_Driver/Src/stm32g4xx_hal_rcc.o
 .debug_rnglists
                0x000005ef       0x87 ./Drivers/STM32G4xx_HAL_Driver/Src/stm32g4xx_hal_rcc_ex.o
 .debug_rnglists
                0x00000676      0x1fa ./Drivers/STM32G4xx_HAL_Driver/Src/stm32g4xx_hal_uart.o
 .debug_rnglists
                0x00000870       0x7f ./Drivers/STM32G4xx_HAL_Driver/Src/stm32g4xx_hal_uart_ex.o
 .debug_rnglists
                0x000008ef       0x99 ./Drivers/STM32G4xx_HAL_Driver/Src/stm32g4xx_ll_usb.o
 .debug_rnglists
                0x00000988       0x6a ./Middlewares/ST/STM32_USB_Device_Library/Class/CDC/Src/usbd_cdc.o
 .debug_rnglists
                0x000009f2       0x89 ./Middlewares/ST/STM32_USB_Device_Library/Core/Src/usbd_core.o
 .debug_rnglists
                0x00000a7b       0x6e ./Middlewares/ST/STM32_USB_Device_Library/Core/Src/usbd_ctlreq.o
 .debug_rnglists
                0x00000ae9       0x37 ./Middlewares/ST/STM32_USB_Device_Library/Core/Src/usbd_ioreq.o
 .debug_rnglists
                0x00000b20       0x13 ./USB_Device/App/usb_device.o
 .debug_rnglists
                0x00000b33       0x32 ./USB_Device/App/usbd_cdc_if.o
 .debug_rnglists
                0x00000b65       0x43 ./USB_Device/App/usbd_desc.o
 .debug_rnglists
                0x00000ba8       0xd4 ./USB_Device/Target/usbd_conf.o
 .debug_rnglists
                0x00000c7c       0x4d ./src/CircularBuffer.o
 .debug_rnglists
                0x00000cc9       0x5a ./src/LoRa.o
 .debug_rnglists
                0x00000d23       0x19 ./src/MainMCU.o
 .debug_rnglists
                0x00000d3c       0x37 ./src/UART.o

.debug_macro    0x00000000    0x20544
 .debug_macro   0x00000000      0x377 ./Core/Src/main.o
 .debug_macro   0x00000377      0xad8 ./Core/Src/main.o
 .debug_macro   0x00000e4f      0x15b ./Core/Src/main.o
 .debug_macro   0x00000faa       0x2e ./Core/Src/main.o
 .debug_macro   0x00000fd8       0x28 ./Core/Src/main.o
 .debug_macro   0x00001000       0x22 ./Core/Src/main.o
 .debug_macro   0x00001022       0x8e ./Core/Src/main.o
 .debug_macro   0x000010b0       0x51 ./Core/Src/main.o
 .debug_macro   0x00001101      0x103 ./Core/Src/main.o
 .debug_macro   0x00001204       0x6a ./Core/Src/main.o
 .debug_macro   0x0000126e      0x1df ./Core/Src/main.o
 .debug_macro   0x0000144d       0x1c ./Core/Src/main.o
 .debug_macro   0x00001469       0x22 ./Core/Src/main.o
 .debug_macro   0x0000148b       0xfb ./Core/Src/main.o
 .debug_macro   0x00001586     0x1011 ./Core/Src/main.o
 .debug_macro   0x00002597      0x11f ./Core/Src/main.o
 .debug_macro   0x000026b6    0x1138f ./Core/Src/main.o
 .debug_macro   0x00013a45       0x6d ./Core/Src/main.o
 .debug_macro   0x00013ab2     0x3558 ./Core/Src/main.o
 .debug_macro   0x0001700a      0x190 ./Core/Src/main.o
 .debug_macro   0x0001719a       0x5c ./Core/Src/main.o
 .debug_macro   0x000171f6     0x141d ./Core/Src/main.o
 .debug_macro   0x00018613      0x535 ./Core/Src/main.o
 .debug_macro   0x00018b48      0x1b6 ./Core/Src/main.o
 .debug_macro   0x00018cfe      0x288 ./Core/Src/main.o
 .debug_macro   0x00018f86      0x41d ./Core/Src/main.o
 .debug_macro   0x000193a3      0x18b ./Core/Src/main.o
 .debug_macro   0x0001952e       0x43 ./Core/Src/main.o
 .debug_macro   0x00019571      0x23d ./Core/Src/main.o
 .debug_macro   0x000197ae      0x211 ./Core/Src/main.o
 .debug_macro   0x000199bf      0x401 ./Core/Src/main.o
 .debug_macro   0x00019dc0      0x107 ./Core/Src/main.o
 .debug_macro   0x00019ec7       0x73 ./Core/Src/main.o
 .debug_macro   0x00019f3a      0x22d ./Core/Src/main.o
 .debug_macro   0x0001a167      0x122 ./Core/Src/main.o
 .debug_macro   0x0001a289      0x3d1 ./Core/Src/main.o
 .debug_macro   0x0001a65a      0x693 ./Core/Src/main.o
 .debug_macro   0x0001aced       0xa6 ./Core/Src/main.o
 .debug_macro   0x0001ad93      0x306 ./Core/Src/main.o
 .debug_macro   0x0001b099       0x28 ./Core/Src/main.o
 .debug_macro   0x0001b0c1       0x61 ./Core/Src/main.o
 .debug_macro   0x0001b122       0x2a ./Core/Src/main.o
 .debug_macro   0x0001b14c       0x43 ./Core/Src/main.o
 .debug_macro   0x0001b18f       0x34 ./Core/Src/main.o
 .debug_macro   0x0001b1c3       0x16 ./Core/Src/main.o
 .debug_macro   0x0001b1d9       0x3c ./Core/Src/main.o
 .debug_macro   0x0001b215      0x370 ./Core/Src/main.o
 .debug_macro   0x0001b585       0x10 ./Core/Src/main.o
 .debug_macro   0x0001b595       0x16 ./Core/Src/main.o
 .debug_macro   0x0001b5ab       0x4a ./Core/Src/main.o
 .debug_macro   0x0001b5f5       0x34 ./Core/Src/main.o
 .debug_macro   0x0001b629       0x10 ./Core/Src/main.o
 .debug_macro   0x0001b639       0x58 ./Core/Src/main.o
 .debug_macro   0x0001b691       0x8e ./Core/Src/main.o
 .debug_macro   0x0001b71f       0x1c ./Core/Src/main.o
 .debug_macro   0x0001b73b      0x185 ./Core/Src/main.o
 .debug_macro   0x0001b8c0       0x16 ./Core/Src/main.o
 .debug_macro   0x0001b8d6       0x16 ./Core/Src/main.o
 .debug_macro   0x0001b8ec      0x146 ./Core/Src/main.o
 .debug_macro   0x0001ba32       0x16 ./Core/Src/main.o
 .debug_macro   0x0001ba48       0x16 ./Core/Src/main.o
 .debug_macro   0x0001ba5e       0x29 ./Core/Src/main.o
 .debug_macro   0x0001ba87       0x16 ./Core/Src/main.o
 .debug_macro   0x0001ba9d       0x20 ./Core/Src/main.o
 .debug_macro   0x0001babd       0x5f ./Core/Src/main.o
 .debug_macro   0x0001bb1c      0x1ef ./Core/Src/main.o
 .debug_macro   0x0001bd0b       0x10 ./Core/Src/main.o
 .debug_macro   0x0001bd1b       0x1c ./Core/Src/main.o
 .debug_macro   0x0001bd37      0x1ed ./Core/Src/stm32g4xx_hal_msp.o
 .debug_macro   0x0001bf24      0x1f7 ./Core/Src/stm32g4xx_it.o
 .debug_macro   0x0001c11b      0x1de ./Core/Src/system_stm32g4xx.o
 .debug_macro   0x0001c2f9      0x22c ./Drivers/STM32G4xx_HAL_Driver/Src/stm32g4xx_hal.o
 .debug_macro   0x0001c525      0x1de ./Drivers/STM32G4xx_HAL_Driver/Src/stm32g4xx_hal_cortex.o
 .debug_macro   0x0001c703      0x1de ./Drivers/STM32G4xx_HAL_Driver/Src/stm32g4xx_hal_dma.o
 .debug_macro   0x0001c8e1      0x1e5 ./Drivers/STM32G4xx_HAL_Driver/Src/stm32g4xx_hal_gpio.o
 .debug_macro   0x0001cac6      0x1ea ./Drivers/STM32G4xx_HAL_Driver/Src/stm32g4xx_hal_pcd.o
 .debug_macro   0x0001ccb0      0x1de ./Drivers/STM32G4xx_HAL_Driver/Src/stm32g4xx_hal_pcd_ex.o
 .debug_macro   0x0001ce8e      0x208 ./Drivers/STM32G4xx_HAL_Driver/Src/stm32g4xx_hal_pwr_ex.o
 .debug_macro   0x0001d096      0x220 ./Drivers/STM32G4xx_HAL_Driver/Src/stm32g4xx_hal_rcc.o
 .debug_macro   0x0001d2b6      0x208 ./Drivers/STM32G4xx_HAL_Driver/Src/stm32g4xx_hal_rcc_ex.o
 .debug_macro   0x0001d4be      0x209 ./Drivers/STM32G4xx_HAL_Driver/Src/stm32g4xx_hal_uart.o
 .debug_macro   0x0001d6c7      0x1ea ./Drivers/STM32G4xx_HAL_Driver/Src/stm32g4xx_hal_uart_ex.o
 .debug_macro   0x0001d8b1      0x1de ./Drivers/STM32G4xx_HAL_Driver/Src/stm32g4xx_ll_usb.o
 .debug_macro   0x0001da8f      0x36d ./Middlewares/ST/STM32_USB_Device_Library/Class/CDC/Src/usbd_cdc.o
 .debug_macro   0x0001ddfc       0x9e ./Middlewares/ST/STM32_USB_Device_Library/Class/CDC/Src/usbd_cdc.o
 .debug_macro   0x0001de9a      0x112 ./Middlewares/ST/STM32_USB_Device_Library/Class/CDC/Src/usbd_cdc.o
 .debug_macro   0x0001dfac       0x56 ./Middlewares/ST/STM32_USB_Device_Library/Class/CDC/Src/usbd_cdc.o
 .debug_macro   0x0001e002       0x95 ./Middlewares/ST/STM32_USB_Device_Library/Class/CDC/Src/usbd_cdc.o
 .debug_macro   0x0001e097      0x354 ./Middlewares/ST/STM32_USB_Device_Library/Core/Src/usbd_core.o
 .debug_macro   0x0001e3eb      0x1f5 ./Middlewares/ST/STM32_USB_Device_Library/Core/Src/usbd_core.o
 .debug_macro   0x0001e5e0      0x35e ./Middlewares/ST/STM32_USB_Device_Library/Core/Src/usbd_ctlreq.o
 .debug_macro   0x0001e93e      0x35a ./Middlewares/ST/STM32_USB_Device_Library/Core/Src/usbd_ioreq.o
 .debug_macro   0x0001ec98      0x393 ./USB_Device/App/usb_device.o
 .debug_macro   0x0001f02b       0x22 ./USB_Device/App/usb_device.o
 .debug_macro   0x0001f04d       0x16 ./USB_Device/App/usb_device.o
 .debug_macro   0x0001f063      0x378 ./USB_Device/App/usbd_cdc_if.o
 .debug_macro   0x0001f3db       0x10 ./USB_Device/App/usbd_cdc_if.o
 .debug_macro   0x0001f3eb      0x391 ./USB_Device/App/usbd_desc.o
 .debug_macro   0x0001f77c       0x1c ./USB_Device/App/usbd_desc.o
 .debug_macro   0x0001f798      0x377 ./USB_Device/Target/usbd_conf.o
 .debug_macro   0x0001fb0f      0x140 ./src/CircularBuffer.o
 .debug_macro   0x0001fc4f       0x10 ./src/CircularBuffer.o
 .debug_macro   0x0001fc5f      0x2d7 ./src/LoRa.o
 .debug_macro   0x0001ff36       0x2e ./src/LoRa.o
 .debug_macro   0x0001ff64       0x16 ./src/LoRa.o
 .debug_macro   0x0001ff7a      0x2e8 ./src/MainMCU.o
 .debug_macro   0x00020262      0x2e2 ./src/UART.o

.debug_line     0x00000000    0x1833f
 .debug_line    0x00000000      0xb4b ./Core/Src/main.o
 .debug_line    0x00000b4b      0x833 ./Core/Src/stm32g4xx_hal_msp.o
 .debug_line    0x0000137e      0x886 ./Core/Src/stm32g4xx_it.o
 .debug_line    0x00001c04      0x7e4 ./Core/Src/system_stm32g4xx.o
 .debug_line    0x000023e8       0x7b ./Core/Startup/startup_stm32g431cbux.o
 .debug_line    0x00002463      0xbb0 ./Drivers/STM32G4xx_HAL_Driver/Src/stm32g4xx_hal.o
 .debug_line    0x00003013      0xd15 ./Drivers/STM32G4xx_HAL_Driver/Src/stm32g4xx_hal_cortex.o
 .debug_line    0x00003d28      0xeaf ./Drivers/STM32G4xx_HAL_Driver/Src/stm32g4xx_hal_dma.o
 .debug_line    0x00004bd7      0xb89 ./Drivers/STM32G4xx_HAL_Driver/Src/stm32g4xx_hal_gpio.o
 .debug_line    0x00005760     0x132f ./Drivers/STM32G4xx_HAL_Driver/Src/stm32g4xx_hal_pcd.o
 .debug_line    0x00006a8f      0x919 ./Drivers/STM32G4xx_HAL_Driver/Src/stm32g4xx_hal_pcd_ex.o
 .debug_line    0x000073a8      0xd0f ./Drivers/STM32G4xx_HAL_Driver/Src/stm32g4xx_hal_pwr_ex.o
 .debug_line    0x000080b7     0x1033 ./Drivers/STM32G4xx_HAL_Driver/Src/stm32g4xx_hal_rcc.o
 .debug_line    0x000090ea     0x115f ./Drivers/STM32G4xx_HAL_Driver/Src/stm32g4xx_hal_rcc_ex.o
 .debug_line    0x0000a249     0x35d5 ./Drivers/STM32G4xx_HAL_Driver/Src/stm32g4xx_hal_uart.o
 .debug_line    0x0000d81e      0xce5 ./Drivers/STM32G4xx_HAL_Driver/Src/stm32g4xx_hal_uart_ex.o
 .debug_line    0x0000e503     0x1035 ./Drivers/STM32G4xx_HAL_Driver/Src/stm32g4xx_ll_usb.o
 .debug_line    0x0000f538      0xda2 ./Middlewares/ST/STM32_USB_Device_Library/Class/CDC/Src/usbd_cdc.o
 .debug_line    0x000102da      0xe26 ./Middlewares/ST/STM32_USB_Device_Library/Core/Src/usbd_core.o
 .debug_line    0x00011100     0x10bd ./Middlewares/ST/STM32_USB_Device_Library/Core/Src/usbd_ctlreq.o
 .debug_line    0x000121bd      0xa85 ./Middlewares/ST/STM32_USB_Device_Library/Core/Src/usbd_ioreq.o
 .debug_line    0x00012c42      0xa51 ./USB_Device/App/usb_device.o
 .debug_line    0x00013693      0xaa4 ./USB_Device/App/usbd_cdc_if.o
 .debug_line    0x00014137      0xafa ./USB_Device/App/usbd_desc.o
 .debug_line    0x00014c31      0xea5 ./USB_Device/Target/usbd_conf.o
 .debug_line    0x00015ad6      0x894 ./src/CircularBuffer.o
 .debug_line    0x0001636a      0xcbb ./src/LoRa.o
 .debug_line    0x00017025      0x915 ./src/MainMCU.o
 .debug_line    0x0001793a      0xa05 ./src/UART.o

.debug_str      0x00000000    0xbc172
 .debug_str     0x00000000    0xbc172 ./Core/Src/main.o
                              0xb727f (size before relaxing)
 .debug_str     0x000bc172    0xb2e5e ./Core/Src/stm32g4xx_hal_msp.o
 .debug_str     0x000bc172    0xb2a1e ./Core/Src/stm32g4xx_it.o
 .debug_str     0x000bc172    0xb2197 ./Core/Src/system_stm32g4xx.o
 .debug_str     0x000bc172       0x73 ./Core/Startup/startup_stm32g431cbux.o
 .debug_str     0x000bc172    0xb2cd6 ./Drivers/STM32G4xx_HAL_Driver/Src/stm32g4xx_hal.o
 .debug_str     0x000bc172    0xb2992 ./Drivers/STM32G4xx_HAL_Driver/Src/stm32g4xx_hal_cortex.o
 .debug_str     0x000bc172    0xb2571 ./Drivers/STM32G4xx_HAL_Driver/Src/stm32g4xx_hal_dma.o
 .debug_str     0x000bc172    0xb2322 ./Drivers/STM32G4xx_HAL_Driver/Src/stm32g4xx_hal_gpio.o
 .debug_str     0x000bc172    0xb2913 ./Drivers/STM32G4xx_HAL_Driver/Src/stm32g4xx_hal_pcd.o
 .debug_str     0x000bc172    0xb254f ./Drivers/STM32G4xx_HAL_Driver/Src/stm32g4xx_hal_pcd_ex.o
 .debug_str     0x000bc172    0xb2685 ./Drivers/STM32G4xx_HAL_Driver/Src/stm32g4xx_hal_pwr_ex.o
 .debug_str     0x000bc172    0xb2890 ./Drivers/STM32G4xx_HAL_Driver/Src/stm32g4xx_hal_rcc.o
 .debug_str     0x000bc172    0xb2891 ./Drivers/STM32G4xx_HAL_Driver/Src/stm32g4xx_hal_rcc_ex.o
 .debug_str     0x000bc172    0xb3152 ./Drivers/STM32G4xx_HAL_Driver/Src/stm32g4xx_hal_uart.o
 .debug_str     0x000bc172    0xb2950 ./Drivers/STM32G4xx_HAL_Driver/Src/stm32g4xx_hal_uart_ex.o
 .debug_str     0x000bc172    0xb2450 ./Drivers/STM32G4xx_HAL_Driver/Src/stm32g4xx_ll_usb.o
 .debug_str     0x000bc172    0xb706e ./Middlewares/ST/STM32_USB_Device_Library/Class/CDC/Src/usbd_cdc.o
 .debug_str     0x000bc172    0xb694a ./Middlewares/ST/STM32_USB_Device_Library/Core/Src/usbd_core.o
 .debug_str     0x000bc172    0xb689c ./Middlewares/ST/STM32_USB_Device_Library/Core/Src/usbd_ctlreq.o
 .debug_str     0x000bc172    0xb6791 ./Middlewares/ST/STM32_USB_Device_Library/Core/Src/usbd_ioreq.o
 .debug_str     0x000bc172    0xb6b45 ./USB_Device/App/usb_device.o
 .debug_str     0x000bc172    0xb6b84 ./USB_Device/App/usbd_cdc_if.o
 .debug_str     0x000bc172    0xb669b ./USB_Device/App/usbd_desc.o
 .debug_str     0x000bc172    0xb7a04 ./USB_Device/Target/usbd_conf.o
 .debug_str     0x000bc172     0x745f ./src/CircularBuffer.o
 .debug_str     0x000bc172    0xb6266 ./src/LoRa.o
 .debug_str     0x000bc172    0xb5f04 ./src/MainMCU.o
 .debug_str     0x000bc172    0xb5f90 ./src/UART.o

.comment        0x00000000       0x43
 .comment       0x00000000       0x43 ./Core/Src/main.o
                                 0x44 (size before relaxing)
 .comment       0x00000043       0x44 ./Core/Src/stm32g4xx_hal_msp.o
 .comment       0x00000043       0x44 ./Core/Src/stm32g4xx_it.o
 .comment       0x00000043       0x44 ./Core/Src/system_stm32g4xx.o
 .comment       0x00000043       0x44 ./Drivers/STM32G4xx_HAL_Driver/Src/stm32g4xx_hal.o
 .comment       0x00000043       0x44 ./Drivers/STM32G4xx_HAL_Driver/Src/stm32g4xx_hal_cortex.o
 .comment       0x00000043       0x44 ./Drivers/STM32G4xx_HAL_Driver/Src/stm32g4xx_hal_dma.o
 .comment       0x00000043       0x44 ./Drivers/STM32G4xx_HAL_Driver/Src/stm32g4xx_hal_gpio.o
 .comment       0x00000043       0x44 ./Drivers/STM32G4xx_HAL_Driver/Src/stm32g4xx_hal_pcd.o
 .comment       0x00000043       0x44 ./Drivers/STM32G4xx_HAL_Driver/Src/stm32g4xx_hal_pcd_ex.o
 .comment       0x00000043       0x44 ./Drivers/STM32G4xx_HAL_Driver/Src/stm32g4xx_hal_pwr_ex.o
 .comment       0x00000043       0x44 ./Drivers/STM32G4xx_HAL_Driver/Src/stm32g4xx_hal_rcc.o
 .comment       0x00000043       0x44 ./Drivers/STM32G4xx_HAL_Driver/Src/stm32g4xx_hal_rcc_ex.o
 .comment       0x00000043       0x44 ./Drivers/STM32G4xx_HAL_Driver/Src/stm32g4xx_hal_uart.o
 .comment       0x00000043       0x44 ./Drivers/STM32G4xx_HAL_Driver/Src/stm32g4xx_hal_uart_ex.o
 .comment       0x00000043       0x44 ./Drivers/STM32G4xx_HAL_Driver/Src/stm32g4xx_ll_usb.o
 .comment       0x00000043       0x44 ./Middlewares/ST/STM32_USB_Device_Library/Class/CDC/Src/usbd_cdc.o
 .comment       0x00000043       0x44 ./Middlewares/ST/STM32_USB_Device_Library/Core/Src/usbd_core.o
 .comment       0x00000043       0x44 ./Middlewares/ST/STM32_USB_Device_Library/Core/Src/usbd_ctlreq.o
 .comment       0x00000043       0x44 ./Middlewares/ST/STM32_USB_Device_Library/Core/Src/usbd_ioreq.o
 .comment       0x00000043       0x44 ./USB_Device/App/usb_device.o
 .comment       0x00000043       0x44 ./USB_Device/App/usbd_cdc_if.o
 .comment       0x00000043       0x44 ./USB_Device/App/usbd_desc.o
 .comment       0x00000043       0x44 ./USB_Device/Target/usbd_conf.o
 .comment       0x00000043       0x44 ./src/CircularBuffer.o
 .comment       0x00000043       0x44 ./src/LoRa.o
 .comment       0x00000043       0x44 ./src/MainMCU.o
 .comment       0x00000043       0x44 ./src/UART.o

.debug_frame    0x00000000     0x4708
 .debug_frame   0x00000000       0xcc ./Core/Src/main.o
 .debug_frame   0x000000cc       0x7c ./Core/Src/stm32g4xx_hal_msp.o
 .debug_frame   0x00000148      0x174 ./Core/Src/stm32g4xx_it.o
 .debug_frame   0x000002bc       0x58 ./Core/Src/system_stm32g4xx.o
 .debug_frame   0x00000314      0x500 ./Drivers/STM32G4xx_HAL_Driver/Src/stm32g4xx_hal.o
 .debug_frame   0x00000814      0x4e8 ./Drivers/STM32G4xx_HAL_Driver/Src/stm32g4xx_hal_cortex.o
 .debug_frame   0x00000cfc      0x24c ./Drivers/STM32G4xx_HAL_Driver/Src/stm32g4xx_hal_dma.o
 .debug_frame   0x00000f48      0x14c ./Drivers/STM32G4xx_HAL_Driver/Src/stm32g4xx_hal_gpio.o
 .debug_frame   0x00001094      0x56c ./Drivers/STM32G4xx_HAL_Driver/Src/stm32g4xx_hal_pcd.o
 .debug_frame   0x00001600      0x14c ./Drivers/STM32G4xx_HAL_Driver/Src/stm32g4xx_hal_pcd_ex.o
 .debug_frame   0x0000174c      0x4fc ./Drivers/STM32G4xx_HAL_Driver/Src/stm32g4xx_hal_pwr_ex.o
 .debug_frame   0x00001c48      0x23c ./Drivers/STM32G4xx_HAL_Driver/Src/stm32g4xx_hal_rcc.o
 .debug_frame   0x00001e84      0x2ac ./Drivers/STM32G4xx_HAL_Driver/Src/stm32g4xx_hal_rcc_ex.o
 .debug_frame   0x00002130      0xa94 ./Drivers/STM32G4xx_HAL_Driver/Src/stm32g4xx_hal_uart.o
 .debug_frame   0x00002bc4      0x2c0 ./Drivers/STM32G4xx_HAL_Driver/Src/stm32g4xx_hal_uart_ex.o
 .debug_frame   0x00002e84      0x380 ./Drivers/STM32G4xx_HAL_Driver/Src/stm32g4xx_ll_usb.o
 .debug_frame   0x00003204      0x248 ./Middlewares/ST/STM32_USB_Device_Library/Class/CDC/Src/usbd_cdc.o
 .debug_frame   0x0000344c      0x2f4 ./Middlewares/ST/STM32_USB_Device_Library/Core/Src/usbd_core.o
 .debug_frame   0x00003740      0x23c ./Middlewares/ST/STM32_USB_Device_Library/Core/Src/usbd_ctlreq.o
 .debug_frame   0x0000397c      0x10c ./Middlewares/ST/STM32_USB_Device_Library/Core/Src/usbd_ioreq.o
 .debug_frame   0x00003a88       0x2c ./USB_Device/App/usb_device.o
 .debug_frame   0x00003ab4       0xe4 ./USB_Device/App/usbd_cdc_if.o
 .debug_frame   0x00003b98      0x160 ./USB_Device/App/usbd_desc.o
 .debug_frame   0x00003cf8      0x4bc ./USB_Device/Target/usbd_conf.o
 .debug_frame   0x000041b4      0x188 ./src/CircularBuffer.o
 .debug_frame   0x0000433c      0x1c4 ./src/LoRa.o
 .debug_frame   0x00004500       0x50 ./src/MainMCU.o
 .debug_frame   0x00004550      0x10c ./src/UART.o
 .debug_frame   0x0000465c       0x20 C:/ST/STM32CubeIDE_1.16.1/STM32CubeIDE/plugins/com.st.stm32cube.ide.mcu.externaltools.gnu-tools-for-stm32.13.3.rel1.win32_1.0.0.202411081344/tools/bin/../lib/gcc/arm-none-eabi/13.3.1/../../../../arm-none-eabi/lib/thumb/v7e-m+fp/hard\libc_nano.a(libc_a-memset.o)
 .debug_frame   0x0000467c       0x2c C:/ST/STM32CubeIDE_1.16.1/STM32CubeIDE/plugins/com.st.stm32cube.ide.mcu.externaltools.gnu-tools-for-stm32.13.3.rel1.win32_1.0.0.202411081344/tools/bin/../lib/gcc/arm-none-eabi/13.3.1/../../../../arm-none-eabi/lib/thumb/v7e-m+fp/hard\libc_nano.a(libc_a-init.o)
 .debug_frame   0x000046a8       0x2c C:/ST/STM32CubeIDE_1.16.1/STM32CubeIDE/plugins/com.st.stm32cube.ide.mcu.externaltools.gnu-tools-for-stm32.13.3.rel1.win32_1.0.0.202411081344/tools/bin/../lib/gcc/arm-none-eabi/13.3.1/thumb/v7e-m+fp/hard\libgcc.a(_aeabi_uldivmod.o)
 .debug_frame   0x000046d4       0x34 C:/ST/STM32CubeIDE_1.16.1/STM32CubeIDE/plugins/com.st.stm32cube.ide.mcu.externaltools.gnu-tools-for-stm32.13.3.rel1.win32_1.0.0.202411081344/tools/bin/../lib/gcc/arm-none-eabi/13.3.1/thumb/v7e-m+fp/hard\libgcc.a(_udivmoddi4.o)

.debug_line_str
                0x00000000       0x57
 .debug_line_str
                0x00000000       0x57 ./Core/Startup/startup_stm32g431cbux.o